    Finished `test` profile [unoptimized + debuginfo] target(s) in 0.23s
     Running unittests src/lib.rs (/home/trung/Projects/tablepro/linux/target/debug/deps/tablepro_policy-03807d1ad0da1992)

running 197 tests
test audit::tests::uncertainty_is_scoped_to_a_connection_generation_but_journal_failure_is_global ... ok
test audit::tests::sanitized_agent_principal_does_not_retain_its_token ... ok
test audit::tests::administrative_audit_metadata_is_aggregate_and_backward_compatible ... ok
test audit::tests::transport_records_are_terminal_and_older_records_without_transport_metadata_load ... ok
test blast_radius::tests::insert_values_is_a_known_count_with_no_query ... ok
test blast_radius::tests::a_batch_of_literal_insert_values_sums_to_a_known_count ... ok
test blast_radius::tests::a_batch_mixing_a_known_and_an_unknown_statement_stays_unknown ... ok
test blast_radius::tests::an_update_from_clause_is_not_dropped_from_the_count ... ok
test blast_radius::tests::rewrite_delete_with_where ... ok
test blast_radius::tests::a_delete_using_clause_is_not_dropped_from_the_count ... ok
test blast_radius::tests::select_returns_none ... ok
test blast_radius::tests::insert_select_is_rewritten_into_a_count_query ... ok
test catalog_effect::tests::recognizes_single_transaction_boundaries_with_comments_and_chain_state ... ok
test blast_radius::tests::rewrite_update ... ok
test blast_radius::tests::an_update_join_is_not_dropped_from_the_count ... ok
test classify::tests::administrative_function_name_in_literal_or_comment_is_not_a_call ... ok
test classify::tests::administrative_function_in_predicate_is_detected ... ok
test classify::tests::administrative_function_nested_in_expression_is_detected ... ok
test classify::tests::delete_without_where ... ok
test classify::tests::describe_table_is_a_read ... ok
test classify::tests::broader_schema_and_privilege_changes_are_ddl ... ok
test classify::tests::explain_analyze_keeps_the_inner_statement_facts ... ok
test classify::tests::data_modifying_cte_is_write ... ok
test classify::tests::explain_verbose_of_a_select_is_a_read ... ok
test classify::tests::explain_with_a_parenthesized_analyze_option_is_a_write ... ok
test catalog_effect::tests::recognizes_only_successful_single_statement_ddl ... ok
test classify::tests::insert_is_mutating_dml ... ok
test classify::tests::explain_with_analyze_disabled_is_a_read ... ok
test classify::tests::insert_select_cte_write ... ok
test classify::tests::mixed_script_preserves_ddl_in_both_orders ... ok
test classify::tests::mixed_script_preserves_unknown_writes_in_both_orders ... ok
test classify::tests::mixed_script_preserves_unscoped_dml_in_both_orders ... ok
test classify::tests::mssql_update ... ok
test classify::tests::multi_statement_flagged ... ok
test classify::tests::grant_copy_and_merge_name_their_targets ... ok
test classify::tests::mysql_delete ... ok
test classify::tests::mysql_kill_is_administrative ... ok
test classify::tests::parse_failure_fail_closed ... ok
test classify::tests::mysql_executable_comment_cannot_hide_a_file_write_from_policy ... ok
test classify::tests::plain_explain_of_a_write_does_not_execute_it ... ok
test classify::tests::plain_explain_of_a_select_is_a_read ... ok
test classify::tests::truncate_is_ddl_write ... ok
test classify::tests::only_a_provable_read_skips_the_write_capability_check ... ok
test classify::tests::select_is_read ... ok
test classify::tests::postgres_terminate_backend_is_administrative ... ok
test classify::tests::update_with_where ... ok
test classify::tests::sqlite_fileio_functions_are_administrative ... ok
test config::tests::a_connection_override_key_that_is_not_a_uuid_is_refused_at_load ... ok
test config::tests::a_connection_override_key_is_case_normalised_so_it_still_matches_at_lookup ... ok
test config::tests::a_corrupt_policy_file_is_refused ... ok
test config::tests::a_custom_mask_pattern_adds_to_the_defaults_instead_of_replacing_them ... ok
test classify::tests::postgres_side_effecting_functions_are_administrative ... ok
test config::tests::a_misspelled_environment_name_is_refused_at_load ... ok
test config::tests::an_explicit_empty_mask_list_keeps_sensitive_defaults ... ok
test config::tests::default_prod_denies_agent_writes ... ok
test classify::tests::values_and_recursive_values_cte_are_reads ... ok
test config::tests::an_invalid_glob_mask_pattern_is_refused_at_load ... ok
test config::tests::omitted_mask_patterns_keep_sensitive_defaults ... ok
test config::tests::local_unaudited_writes_require_explicit_opt_in ... ok
test config::tests::an_unknown_field_in_an_environment_override_is_refused_at_load ... ok
test config::tests::partial_connection_override_inherits_environment_policy ... ok
test config::tests::partial_prod_policy_inherits_secure_defaults ... ok
test config::tests::round_trip_toml ... ok
test effects::tests::effects_include_reads_used_to_build_or_mutate_rows ... ok
test effects::tests::effects_expose_side_effects_that_legacy_facts_do_not_record ... ok
test effects::tests::effects_keep_security_and_session_facts_separate ... ok
test effects::tests::effects_union_is_order_independent_while_legacy_script_class_remains_unchanged ... ok
test guard::guard_tests::audit::a_disconnected_read_reports_the_connection_as_unusable_without_a_panic ... ok
test guard::guard_tests::audit::a_panicking_read_reports_the_connection_as_unusable ... ok
test effects::tests::effects_match_legacy_write_facts_without_changing_legacy_classes ... ok
test guard::guard_tests::audit::a_panicking_driver_read_records_a_failed_terminal_outcome ... ok
test guard::guard_tests::audit::a_panicking_driver_write_records_an_unknown_terminal_outcome ... ok
test guard::guard_tests::audit::a_disconnected_write_reports_the_connection_as_unusable_without_a_panic ... ok
test guard::guard_tests::audit::an_operation_that_does_not_panic_reports_no_fault ... ok
test guard::guard_tests::audit::ambiguous_commit_records_unknown_transaction_outcome ... ok
test guard::guard_tests::audit::a_panicking_write_reports_the_connection_as_unusable ... ok
test guard::guard_tests::audit::confirmed_transaction_rollback_is_not_audited_as_an_unknown_outcome ... ok
test guard::guard_tests::audit::agent_read_fails_when_outcome_cannot_be_recorded ... ok
test guard::guard_tests::audit::ambiguous_driver_error_records_unknown_and_poisons_state ... ok
test guard::guard_tests::audit::cancelling_a_pending_approval_records_a_terminal_cancelled_outcome ... ok
test guard::guard_tests::audit::abandoning_an_old_write_after_replacement_keeps_the_new_generation_writable ... ok
test guard::guard_tests::audit::batch_query_error_records_unknown_and_poisons_state ... ok
test guard::guard_tests::audit::batch_records_correlated_redacted_intent_and_outcome ... ok
test guard::guard_tests::audit::audit_events_sanitize_driver_details_and_agent_token ... ok
test guard::guard_tests::audit::controlled_read_unknown_outcome_does_not_poison_governed_writes ... ok
test guard::guard_tests::audit::confirmed_controlled_timeout_records_timeout_without_poisoning_state ... ok
test guard::guard_tests::audit::rollback_failure_is_audited_as_an_unknown_transaction_outcome ... ok
test guard::guard_tests::audit::controlled_unknown_outcome_records_unknown_and_poisons_state ... ok
test guard::guard_tests::audit::an_unknown_write_blocks_only_its_connection_and_generation ... ok
test guard::guard_tests::audit::human_policy_deny_fails_closed_when_outcome_cannot_be_recorded ... ok
test guard::guard_tests::audit::human_policy_deny_keeps_the_policy_message_when_audit_succeeds ... ok
test guard::guard_tests::audit::dropped_write_future_poisons_shared_state ... ok
test guard::guard_tests::audit::human_approval_deny_fails_closed_when_outcome_cannot_be_recorded ... ok
test guard::guard_tests::audit::interactive_transaction_execute_query_error_records_unknown_and_poisons_state ... ok
test guard::guard_tests::audit::null_sink_denies_production_write ... ok
test guard::guard_tests::bulk::a_batch_past_the_row_budget_is_denied_and_never_reaches_the_driver ... ok
test guard::guard_tests::bulk::a_row_budget_outside_the_import_limit_is_refused ... ok
test guard::guard_tests::bulk::a_cancelled_import_writes_the_cancelled_terminal_state ... ok
test guard::guard_tests::audit::local_unaudited_write_requires_explicit_opt_in ... ok
test guard::guard_tests::bulk::a_denied_approval_writes_the_terminal_audit_state_and_grants_nothing ... ok
test guard::guard_tests::audit::post_execution_audit_failure_poisons_shared_state ... ok
test guard::guard_tests::bulk::a_read_only_connection_denies_an_import_before_it_asks_for_approval ... ok
test guard::guard_tests::bulk::a_failure_mid_import_stops_it_and_writes_one_terminal_record_with_the_committed_rows ... ok
test guard::guard_tests::bulk::a_failed_import_cannot_be_resumed_on_the_same_scope ... ok
test guard::guard_tests::bulk::a_scope_granted_for_one_statement_is_denied_on_another ... ok
test guard::guard_tests::bulk::a_scope_granted_on_one_connection_is_denied_on_another ... ok
test guard::guard_tests::bulk::a_scope_granted_for_one_table_is_denied_on_another ... ok
test guard::guard_tests::bulk::an_import_is_refused_when_governed_writes_are_already_disabled ... ok
test guard::guard_tests::bulk::a_scope_granted_for_one_table_is_denied_on_another_schema ... ok
test guard::guard_tests::bulk::a_scope_is_refused_for_anything_that_is_not_one_insert ... ok
test guard::guard_tests::bulk::a_scope_is_denied_once_the_import_has_ended ... ok
test guard::guard_tests::bulk::a_timed_out_import_writes_the_timed_out_terminal_state ... ok
test guard::guard_tests::bulk::an_import_dropped_without_a_terminal_record_disables_governed_writes ... ok
test guard::guard_tests::bulk::an_approved_scope_spends_exactly_its_row_budget ... ok
test guard::guard_tests::bulk::an_import_is_audited_as_one_operation_carrying_the_rows_it_wrote ... ok
test guard::guard_tests::bulk::one_approval_covers_every_batch_of_one_import ... ok
test guard::guard_tests::gating::agent_transaction_read_intent_failure_prevents_driver_query ... ok
test guard::guard_tests::gating::commit_intent_failure_prevents_inner_commit ... ok
test guard::guard_tests::checked::a_checked_batch_of_keyed_writes_needs_no_count_query_and_no_approval ... ok
test guard::guard_tests::gating::categorical_agent_denial_skips_blast_radius_query ... ok
test guard::guard_tests::checked::an_unchecked_parameterized_batch_stays_fail_closed ... ok
test guard::guard_tests::gating::an_expired_deadline_skips_the_blast_radius_count ... ok
test guard::guard_tests::gating::disabled_audit_state_cannot_be_bypassed_by_approval ... ok
test guard::guard_tests::gating::blast_radius_count_runs_through_the_controlled_query_path ... ok
test guard::guard_tests::gating::list_databases_is_a_governed_read_with_its_own_audit_record ... ok
test guard::guard_tests::gating::approve_once_authorizes_only_the_current_operation ... ok
test guard::guard_tests::checked::known_inserts_and_checked_writes_are_bounded_together ... ok
test guard::guard_tests::checked::a_write_the_driver_does_not_check_still_asks_for_approval ... ok
test guard::guard_tests::checked::a_checked_batch_over_the_row_limit_still_asks_for_approval ... ok
test guard::guard_tests::gating::list_objects_audit_target_leaves_out_the_schema_for_unscoped_kinds ... ok
test guard::guard_tests::gating::list_objects_is_denied_when_the_agent_read_intent_cannot_be_recorded ... ok
test guard::guard_tests::gating::list_objects_reports_an_unsupported_kind_and_audits_the_read_with_its_target ... ok
test guard::guard_tests::gating::list_views_records_a_governed_read_outcome ... ok
test guard::guard_tests::gating::implicit_transaction_mode_is_denied_before_dispatch_and_audited ... ok
test guard::guard_tests::gating::rollback_uses_distinct_operation_class ... ok
test guard::guard_tests::gating::read_only_denial_skips_blast_radius_query ... ok
test guard::guard_tests::gating::required_intent_failure_prevents_driver_execution ... ok
test guard::guard_tests::audit::a_driver_panic_message_never_reaches_the_logs_or_the_error ... ok
test guard::guard_tests::gating::transaction_batch_requests_one_approval ... ok
test guard::guard_tests::session::a_committed_session_transaction_records_the_commit ... ok
test guard::guard_tests::session::a_nested_begin_is_refused ... ok
test guard::guard_tests::session::a_definite_commit_failure_closes_the_batch_instead_of_leaving_it_open ... ok
test guard::guard_tests::session::a_denied_statement_inside_a_transaction_does_not_block_the_following_commit ... ok
test guard::guard_tests::session::a_disconnected_commit_writes_an_unknown_terminal_state_and_retires_the_session ... ok
test guard::guard_tests::session::a_disconnected_error_retires_the_session_even_when_the_driver_reports_it_usable ... ok
test mask::tests::a_known_sensitive_position_is_redacted_even_when_its_name_does_not_match ... ok
test guard::guard_tests::session::commit_without_a_preceding_begin_is_refused ... ok
test guard::guard_tests::session::a_statement_on_a_retired_session_is_refused_before_dispatch ... ok
test mask::tests::an_empty_pattern_list_with_no_known_positions_redacts_nothing ... ok
test guard::guard_tests::session::a_timed_out_commit_writes_a_timed_out_terminal_state_and_stays_open_for_retry ... ok
test guard::guard_tests::session::a_failed_rollback_keeps_the_batch_until_a_retry_succeeds ... ok
test mask::tests::matches_pan_column ... ok
test mask::tests::redacts_cells ... ok
test panic_description_tests::the_description_names_where_but_never_what ... ok
test guard::guard_tests::session::a_timed_out_statement_inside_a_postgres_transaction_leaves_the_commit_rolled_back ... ok
test guard::guard_tests::session::policy_still_denies_a_write_inside_a_session_on_a_read_only_connection ... ok
test guard::guard_tests::session::a_session_runs_its_own_transaction_and_audits_the_rollback_against_its_batch ... ok
test guard::guard_tests::session::a_session_lost_mid_transaction_after_a_write_records_an_unknown_outcome ... ok
test guard::guard_tests::session::closing_a_session_with_an_open_transaction_rolls_it_back_and_audits_it ... ok
test guard::guard_tests::session::closing_after_a_failed_rollback_surfaces_and_audits_unknown_outcome ... ok
test rules::tests::agent_cannot_call_postgres_side_effecting_function ... ok
test rules::tests::agent_cannot_hide_ddl_in_mixed_script ... ok
test guard::guard_tests::session::rollback_and_chain_starts_a_fresh_batch ... ok
test rules::tests::agent_cannot_hide_scoped_dml_blast_radius_in_mixed_script ... ok
test rules::tests::agent_cannot_hide_unscoped_dml_in_mixed_script ... ok
test rules::tests::a_lone_transaction_statement_is_refused_and_a_whole_transaction_batch_is_not ... ok
test rules::tests::agent_unparseable_denied ... ok
test rules::tests::agent_denied_on_prod_write ... ok
test rules::tests::agent_denied_when_blast_radius_unknown ... ok
test rules::tests::agent_cannot_run_or_hide_unclassified_write ... ok
test rules::tests::agent_cannot_terminate_postgres_session ... ok
test rules::tests::blast_radius_limit_is_inclusive_and_unknown_estimates_are_not_allowed ... ok
test rules::tests::connection_override_policy_is_used_directly ... ok
test rules::tests::human_allowed_local_write ... ok
test rules::tests::human_requires_approval_when_blast_radius_unknown ... ok
test rules::tests::human_unscoped_and_ddl_approval_survive_permissive_write_defaults ... ok
test rules::tests::deny_write_policy_denies_every_agent_write_route ... ok
test rules::tests::human_scoped_dml_blast_radius_in_mixed_script_requires_approval ... ok
test rules::tests::read_only_connection_blocks_write ... ok
test rules::tests::read_only_human_cannot_approve_unparseable_sql ... ok
test rules::tests::read_only_connection_blocks_postgres_side_effecting_function ... ok
test sensitive_projection::tests::a_cte_alias_keeps_sensitive_lineage ... ok
test sensitive_projection::tests::a_plain_wildcard_over_a_real_table_is_redacted_fail_closed ... ok
test sensitive_projection::tests::a_cte_wildcard_is_redacted_fail_closed ... ok
test sensitive_projection::tests::a_plain_explain_of_a_query_keeps_plan_output_visible ... ok
test sensitive_projection::tests::a_returning_alias_keeps_sensitive_lineage ... ok
test sensitive_projection::tests::a_union_masks_the_output_when_any_branch_is_sensitive ... ok
test sensitive_projection::tests::an_aliased_sensitive_column_is_flagged ... ok
test sensitive_projection::tests::a_wildcard_over_a_derived_table_sees_through_to_the_inner_alias ... ok
test sensitive_projection::tests::an_unrelated_column_is_not_flagged ... ok
test sensitive_projection::tests::a_sensitive_column_wrapped_in_an_expression_is_flagged ... ok
test sensitive_projection::tests::explain_analyze_and_non_query_plans_remain_redacted ... ok
test sensitive_projection::tests::row_to_json_of_a_record_is_treated_as_sensitive ... ok
test transaction_control::tests::implicit_transaction_starters_are_dialect_aware_and_ignore_literals_and_comments ... ok
test transaction_control::tests::each_transaction_statement_is_recognised_per_dialect ... ok
test sensitive_projection::tests::unrecognized_query_shapes_redact_their_result_values ... ok
test rules::tests::shared_batches_must_not_leave_an_explicit_transaction_open ... ok

test result: ok. 197 passed; 0 failed; 0 ignored; 0 measured; 0 filtered out; finished in 0.01s

     Running tests/administrative_dialects.rs (/home/trung/Projects/tablepro/linux/target/debug/deps/administrative_dialects-6965fe8856d07788)

running 15 tests
test a_read_only_connection_denies_a_postgres_host_read ... ok
test copy_through_the_client_is_a_write_but_not_administrative ... ok
test kill_is_administrative_on_every_engine_that_parses_it ... ok
test a_column_named_like_a_control_function_is_not_administrative ... ok
test an_ordinary_read_stays_a_read_on_every_engine ... ok
test a_column_named_like_a_host_function_is_not_administrative ... ok
test copy_that_reaches_the_host_is_administrative ... ok
test sql_server_extended_and_system_procedures_are_administrative ... ok
test an_engine_procedure_name_inside_a_literal_is_not_administrative ... ok
test corrected_lexer_keeps_reads_intact_and_following_mutations_denied ... ok
test pg_sleep_stays_an_ordinary_read_because_timeouts_already_bound_it ... ok
test sqlite_fileio_functions_are_administrative ... ok
test mysql_server_control_functions_are_administrative ... ok
test postgres_script_consumers_agree_across_crlf_comments_and_formatting ... ok
test postgres_host_and_network_functions_are_administrative ... ok

test result: ok. 15 passed; 0 failed; 0 ignored; 0 measured; 0 filtered out; finished in 0.00s

     Running tests/generated_updates_classify.rs (/home/trung/Projects/tablepro/linux/target/debug/deps/generated_updates_classify-2026761f614fa597)

running 1 test
test the_update_a_grid_edit_generates_is_a_plain_update_on_every_sql_engine ... ok

test result: ok. 1 passed; 0 failed; 0 ignored; 0 measured; 0 filtered out; finished in 0.00s

     Running tests/guard_transparency.rs (/home/trung/Projects/tablepro/linux/target/debug/deps/guard_transparency-9ba6f6c85171487a)

running 3 tests
test a_guard_does_not_invent_server_cancellation_the_driver_lacks ... ok
test a_guard_reports_the_server_cancellation_its_driver_supports ... ok
test an_agent_guard_masks_sensitive_columns_in_every_result_set ... ok

test result: ok. 3 passed; 0 failed; 0 ignored; 0 measured; 0 filtered out; finished in 0.00s

     Running tests/session_mssql.rs (/home/trung/Projects/tablepro/linux/target/debug/deps/session_mssql-91e5986545a3dcd5)

running 1 test
test sql_server_batches_with_mutations_are_classified_and_denied_before_dispatch ... ignored, requires docker

test result: ok. 0 passed; 0 failed; 1 ignored; 0 measured; 0 filtered out; finished in 0.00s

     Running tests/session_postgres.rs (/home/trung/Projects/tablepro/linux/target/debug/deps/session_postgres-9b88cbdd74bad322)

running 3 tests
test a_commit_failing_on_a_deferred_constraint_closes_the_batch ... ignored, requires docker
test a_commit_on_a_server_aborted_postgres_transaction_is_audited_as_rolled_back ... ignored, requires docker
test closing_a_session_with_an_open_transaction_rolls_it_back_on_real_postgres ... ignored, requires docker

test result: ok. 0 passed; 0 failed; 3 ignored; 0 measured; 0 filtered out; finished in 0.00s

   Doc-tests tablepro_policy

running 0 tests

test result: ok. 0 passed; 0 failed; 0 ignored; 0 measured; 0 filtered out; finished in 0.00s

