dbus-daemon[2248477]: [session uid=1000 pid=2248477 pidfd=5] Activating service name='org.a11y.Bus' requested by ':1.3' (uid=1000 pid=2249164 comm="gdbus call --session --dest org.a11y.Bus --object-")
dbus-daemon[2248477]: [session uid=1000 pid=2248477 pidfd=5] Successfully activated service 'org.a11y.Bus'
    Finished `release` profile [optimized] target(s) in 0.31s
dbus-daemon[2249175]: Activating service name='org.a11y.atspi.Registry' requested by ':1.0' (uid=1000 pid=2249189 comm="python3 /home/trung/Projects/tablepro/.worktrees/b")
dbus-daemon[2249175]: Successfully activated service 'org.a11y.atspi.Registry'
SpiRegistry daemon is running with well-known name - org.a11y.atspi.Registry
dbus-daemon[2248477]: [session uid=1000 pid=2248477 pidfd=5] Activating service name='org.gtk.vfs.Daemon' requested by ':1.8' (uid=1000 pid=2249190 comm="/home/trung/Projects/tablepro/.worktrees/b4-curren")
dbus-daemon[2248477]: [session uid=1000 pid=2248477 pidfd=5] Successfully activated service 'org.gtk.vfs.Daemon'
dbus-daemon[2248477]: [session uid=1000 pid=2248477 pidfd=5] Activating service name='org.freedesktop.portal.Desktop' requested by ':1.8' (uid=1000 pid=2249190 comm="/home/trung/Projects/tablepro/.worktrees/b4-curren")
dbus-daemon[2248477]: [session uid=1000 pid=2248477 pidfd=5] Activating service name='org.freedesktop.impl.portal.PermissionStore' requested by ':1.11' (uid=1000 pid=2249261 comm="/usr/lib/xdg-desktop-portal")
dbus-daemon[2248477]: [session uid=1000 pid=2248477 pidfd=5] Successfully activated service 'org.freedesktop.impl.portal.PermissionStore'
dbus-daemon[2248477]: [session uid=1000 pid=2248477 pidfd=5] Activating service name='org.freedesktop.portal.Documents' requested by ':1.11' (uid=1000 pid=2249261 comm="/usr/lib/xdg-desktop-portal")
dbus-daemon[2248477]: [session uid=1000 pid=2248477 pidfd=5] Successfully activated service 'org.freedesktop.portal.Documents'
dbus-daemon[2248477]: [session uid=1000 pid=2248477 pidfd=5] Activating service name='org.freedesktop.impl.portal.desktop.gtk' requested by ':1.11' (uid=1000 pid=2249261 comm="/usr/lib/xdg-desktop-portal")
dbus-daemon[2248477]: [session uid=1000 pid=2248477 pidfd=5] Successfully activated service 'org.freedesktop.impl.portal.desktop.gtk'

(/usr/lib/xdg-desktop-portal:2249261): xdg-desktop-portal-WARNING **: 04:46:14.399: Failed to load RealtimeKit property: GDBus.Error:org.freedesktop.DBus.Error.ServiceUnknown: The name is not activatable

(/usr/lib/xdg-desktop-portal:2249261): xdg-desktop-portal-WARNING **: 04:46:14.399: Failed to load RealtimeKit property: GDBus.Error:org.freedesktop.DBus.Error.ServiceUnknown: The name is not activatable

(/usr/lib/xdg-desktop-portal:2249261): xdg-desktop-portal-WARNING **: 04:46:14.399: Failed to load RealtimeKit property: GDBus.Error:org.freedesktop.DBus.Error.ServiceUnknown: The name is not activatable

(/usr/lib/xdg-desktop-portal:2249261): xdg-desktop-portal-WARNING **: 04:46:14.405: Failed to connect to PipeWire: Couldn't connect to PipeWire
dbus-daemon[2248477]: [session uid=1000 pid=2248477 pidfd=5] Activating service name='org.freedesktop.impl.portal.desktop.hyprland' requested by ':1.11' (uid=1000 pid=2249261 comm="/usr/lib/xdg-desktop-portal")
dbus-daemon[2248477]: [session uid=1000 pid=2248477 pidfd=5] Successfully activated service 'org.freedesktop.impl.portal.desktop.hyprland'
[LOG] Initializing xdph...
[CRITICAL] Couldn't connect to a wayland compositor
dbus-daemon[2248477]: [session uid=1000 pid=2248477 pidfd=5] Activating service name='org.freedesktop.impl.portal.desktop.hyprland' requested by ':1.11' (uid=1000 pid=2249261 comm="/usr/lib/xdg-desktop-portal")
dbus-daemon[2248477]: [session uid=1000 pid=2248477 pidfd=5] Successfully activated service 'org.freedesktop.impl.portal.desktop.hyprland'
[LOG] Initializing xdph...
[CRITICAL] Couldn't connect to a wayland compositor
dbus-daemon[2248477]: [session uid=1000 pid=2248477 pidfd=5] Activating service name='org.freedesktop.impl.portal.desktop.hyprland' requested by ':1.11' (uid=1000 pid=2249261 comm="/usr/lib/xdg-desktop-portal")
dbus-daemon[2248477]: [session uid=1000 pid=2248477 pidfd=5] Successfully activated service 'org.freedesktop.impl.portal.desktop.hyprland'
[LOG] Initializing xdph...
[CRITICAL] Couldn't connect to a wayland compositor
dbus-daemon[2248477]: [session uid=1000 pid=2248477 pidfd=5] Activating service name='org.freedesktop.impl.portal.desktop.hyprland' requested by ':1.11' (uid=1000 pid=2249261 comm="/usr/lib/xdg-desktop-portal")
dbus-daemon[2248477]: [session uid=1000 pid=2248477 pidfd=5] Successfully activated service 'org.freedesktop.impl.portal.desktop.hyprland'
[LOG] Initializing xdph...
[CRITICAL] Couldn't connect to a wayland compositor
dbus-daemon[2248477]: [session uid=1000 pid=2248477 pidfd=5] Successfully activated service 'org.freedesktop.portal.Desktop'

(process:2249189): dbind-WARNING **: 04:46:14.498: AT-SPI: Error in GetItems, sender=:1.3, error=Object does not exist at path “/org/a11y/atspi/cache”
passed: mysql_unparseable_routine_dialog_denial_preserves_database
A connection to the bus can't be made
