Change contract evidence: /home/trung/Projects/tablepro/linux/target/quality/20261003T181017428857Z-change-contracts/report.json
Mapped source files:
- tablepro-driver-postgres: full --lib suite
  $ cargo test --locked -p tablepro-driver-postgres --lib -- --test-threads=1
    Finished `test` profile [unoptimized + debuginfo] target(s) in 0.27s
     Running unittests src/lib.rs (target/debug/deps/drivers_postgres-578bb56b4712d0ff)

running 40 tests
test array::tests::value_contract_array_header_mutations_and_maximum_depth_are_bounded ... ok
test array::tests::value_contract_array_null_empty_and_escaped_text_stay_distinct ... ok
test array::tests::value_contract_array_wire_limits_are_checked_before_decoding ... ok
test array::tests::value_contract_enum_array_labels_quote_null_text_and_preserve_sql_null ... ok
test array::tests::value_contract_expanded_array_text_has_an_explicit_size_bound ... ok
test array::tests::value_contract_malformed_array_dimensions_lengths_types_and_elements_are_refused ... ok
test array::tests::value_contract_temporal_array_elements_reject_malformed_payloads ... ok
test array::tests::value_contract_vectors_render_space_separated_elements_and_refuse_other_headers ... ok
test decode::tests::value_contract_bit_strings_keep_leading_zeroes_and_reject_malformed_wire_values ... ok
test decode::tests::value_contract_bit_wire_lengths_pin_byte_boundaries_and_padding ... ok
test decode::tests::value_contract_extreme_intervals_and_malformed_network_values_do_not_panic ... ok
test decode::tests::value_contract_inet_and_cidr_use_postgres_text ... ok
test decode::tests::value_contract_interval_extremes_and_mixed_signs_are_unambiguous ... ok
test decode::tests::value_contract_interval_query_duration_matches_postgres_style ... ok
test decode::tests::value_contract_lsn_preserves_both_halves_and_requires_eight_bytes ... ok
test decode::tests::value_contract_macaddr8_requires_eight_bytes_and_uses_postgres_lowercase_text ... ok
test decode::tests::value_contract_macaddr_requires_six_bytes_and_uses_postgres_lowercase_text ... ok
test decode::tests::value_contract_network_prefixes_families_flags_and_lengths_are_checked ... ok
test decode::tests::value_contract_pg_lsn_uses_uppercase_hex ... ok
test decode::tests::value_contract_unknown_binary_types_stay_undecoded ... ok
test numeric::tests::value_contract_malformed_numeric_payloads_are_refused_without_rounding_or_panicking ... ok
test numeric::tests::value_contract_numeric_preserves_base_groups_sign_scale_and_specials ... ok
test numeric::tests::value_contract_numeric_wire_extremes_have_bounded_exact_output ... ok
test temporal::tests::value_contract_temporal_array_text_keeps_eras_instants_and_fractions ... ok
test temporal::tests::value_contract_time_keeps_end_of_day_and_microseconds ... ok
test temporal::tests::value_contract_time_rejects_invalid_lengths_times_and_offsets ... ok
test tests::a_pool_startup_timeout_is_not_mapped_as_an_established_disconnect ... ok
test tests::an_undecodable_column_is_reported_to_the_logs_with_its_index_and_type ... ok
test tests::driver_metadata ... ok
test tests::map_certificate_failure_returns_tls_error ... ok
test tests::map_io_refused_returns_connection_refused ... ok
test tests::map_plain_io_failure_is_disconnected ... ok
test tests::normalize_pg_default_keeps_an_expression_whole ... ok
test tests::normalize_pg_default_strips_only_the_cast_on_a_plain_literal ... ok
test tests::patched_sqlx_postgres_caps_scram_iterations ... ok
test tests::quote_ident_doubles_embedded_quotes ... ok
test tests::server_termination_states_are_disconnections_but_query_cancel_is_not ... ok
test tests::structure_metadata_declarations_match_the_connection_impl ... ok
test tests::undecodable_cell_cannot_be_bound_as_null ... ok
test tests::unexpected_io_eof_is_disconnected_and_connection_refusal_stays_distinct ... ok

test result: ok. 40 passed; 0 failed; 0 ignored; 0 measured; 0 filtered out; finished in 0.83s

change-contracts: passed; 1 focused test command(s) completed
