    Finished `test` profile [unoptimized + debuginfo] target(s) in 0.20s
     Running tests/integration.rs (target/debug/deps/integration-140ee8fc03e79f3b)

running 92 tests
test a_bare_begin_does_not_leave_a_pooled_session_inside_a_transaction ... ok
test a_cancelled_session_statement_stops_on_the_server_and_keeps_the_session ... ok
test a_column_collation_is_read_and_survives_a_type_change ... ok
test a_column_comment_round_trips_and_a_table_comment_does_not_leak_into_it ... ok
test a_session_keeps_settings_temp_tables_and_its_transaction_between_statements ... ok
test activity_duration_types_decode_as_text ... ok
test an_unavailable_postgres_server_is_classified_as_connection_refused ... ok
test array_contract::value_contract_array_grid_edit_preserves_array_elements ... ok
test array_contract::value_contract_builtin_array_families_survive_typed_csv_insert ... ok
test array_contract::value_contract_builtin_array_oid_census_matches_decode_allowlist ... ok
test array_contract::value_contract_custom_enum_array_projection_preserves_literal_null_and_sql_null ... ok
test array_contract::value_contract_float8_array_grid_edit_preserves_special_and_adjacent_values ... ok
test array_contract::value_contract_json_array_elements_are_explicitly_unsupported ... ok
test array_contract::value_contract_json_text_array_is_explicitly_unsupported ... ok
test array_contract::value_contract_numeric_array_grid_edit_preserves_elements ... ok
test array_contract::value_contract_unlisted_builtin_arrays_refuse_with_native_oracles ... ok
test bad_sql_returns_query_error ... ok
test binary_sql_exports_round_trip_null_empty_and_every_byte ... ok
test catalog_objects_are_listed_per_kind_and_filtered_by_schema ... ok
test connect_list_tables_and_pk_detection ... ok
test date_contract::value_contract_bc_dates_survive_default_csv_import ... ok
test disconnection::a_disconnected_session_is_retired_without_affecting_the_shared_pool ... ok
test disconnection::a_restarted_postgres_server_restores_the_existing_pool ... ok
test disconnection::backend_loss_during_row_stream_fails_the_whole_query_as_disconnected ... ok
test disconnection::controlled_cancel_stops_server_query_and_keeps_pool_usable ... ok
test disconnection::controlled_parameterized_cancel_stops_server_query_and_keeps_pool_usable ... ok
test disconnection::controlled_timeout_stops_server_query_and_keeps_pool_usable ... ok
test disconnection::controlled_transaction_cancel_allows_rollback ... ok
test disconnection::dropped_transaction_discards_uncommitted_session ... ok
test disconnection::server_terminated_query_reports_disconnection_and_pool_recovers ... ok
test domain_contract::value_contract_domain_over_enum_array_preserves_labels_and_null ... ok
test domain_contract::value_contract_domain_over_enum_assignment_infers_parameter_type ... ok
test domain_contract::value_contract_domain_over_enum_csv_round_trip_preserves_values_and_type ... ok
test domain_contract::value_contract_domain_over_enum_file_formats_preserve_values_and_refuse_empty_xlsx ... ok
test domain_contract::value_contract_domain_over_enum_filters_preserve_values_and_type ... ok
test domain_contract::value_contract_domain_over_enum_parameters_preserve_native_type ... ok
test domain_contract::value_contract_domain_over_enum_projection_preserves_labels_and_null ... ok
test domain_contract::value_contract_domain_over_enum_sql_file_replay_preserves_values_and_type ... ok
test domain_contract::value_contract_nested_domain_over_enum_infers_parameters_and_decodes ... ok
test enum_contract::value_contract_custom_enum_csv_round_trip_preserves_labels_and_sql_null ... ok
test enum_contract::value_contract_custom_enum_filters_preserve_labels_and_sql_null ... ok
test enum_contract::value_contract_custom_enum_json_and_file_exports_preserve_empty_literal_null_and_sql_null ... ok
test enum_contract::value_contract_custom_enum_keyed_edit_preserves_label_and_siblings ... ok
test enum_contract::value_contract_custom_enum_parameters_infer_native_type_for_query_and_write ... ok
test enum_contract::value_contract_custom_enum_projection_preserves_labels_and_null ... ok
test enum_contract::value_contract_custom_enum_sql_file_export_restores_labels_and_native_type ... ok
test enum_contract::value_contract_enum_null_label_and_sql_null_write_as_distinct_values ... ok
test enum_contract::value_contract_scalar_enum_labels_preserve_exact_text ... ok
test enum_file_export_contract::value_contract_custom_enum_csv_file_export_import_preserves_empty_and_null ... ok
test enum_file_export_contract::value_contract_custom_enum_html_file_export_preserves_labels_null_and_escapes_markup ... ok
test enum_file_export_contract::value_contract_custom_enum_markdown_file_export_preserves_labels_null_and_cell_text ... ok
test enum_file_export_contract::value_contract_custom_enum_xlsx_file_export_keeps_text_labels_and_refuses_empty_safely ... ok
test enum_file_export_contract::value_contract_custom_enum_xml_file_export_preserves_labels_null_and_escapes_markup ... ok
test fetched_defaults_keep_no_default_null_empty_and_literal_apart_and_reapply_exactly ... ok
test formatting_preserves_server_results_for_significant_whitespace ... ok
test grid_row_edits_find_rows_by_uuid_composite_and_wide_bigint_keys ... ok
test indexes_report_expression_keys_predicates_and_leave_out_included_columns ... ok
test non_null_decode_failures_are_not_returned_as_null ... ok
test open_sessions_do_not_take_connections_from_the_shared_pool ... ok
test pagination_and_truncated_flag ... ok
test the_session_reports_the_application_name_it_was_given ... ok
test value_contract_numeric_digits_scale_and_special_values_survive_decoding ... ok
test value_contract_preserves_scalar_boundaries_through_parameters_and_exports ... ok
test value_contract_result_delivery_keeps_zero_row_metadata_duplicate_names_and_order ... ok
test value_contracts::value_contract_arrays_preserve_elements_dimensions_and_exports ... ok
test value_contracts::value_contract_builtin_range_families_are_refused_without_losing_native_text ... ok
test value_contracts::value_contract_citext_preserves_label_and_case_insensitive_comparison ... ok
test value_contracts::value_contract_composite_result_is_explicitly_unsupported ... ok
test value_contracts::value_contract_dates_preserve_eras_large_years_and_instants ... ok
test value_contracts::value_contract_geometric_types_keep_native_oracles_when_projection_is_refused ... ok
test value_contracts::value_contract_inet_and_cidr_preserve_ipv6_prefix_semantics ... ok
test value_contracts::value_contract_int4multirange_metadata_resolution_failure_is_explicit ... ok
test value_contracts::value_contract_int4range_is_explicitly_unsupported ... ok
test value_contracts::value_contract_intervals_preserve_independent_fields_in_every_style ... ok
test value_contracts::value_contract_jsonb_domain_keeps_json_null_distinct_from_sql_null ... ok
test value_contracts::value_contract_macaddr8_preserves_eui64_text_across_consumers ... ok
test value_contracts::value_contract_macaddr_preserves_exact_text_across_consumers ... ok
test value_contracts::value_contract_pg_lsn_maximum_preserves_text_and_wire_identity ... ok
test value_contracts::value_contract_postgres_money_is_refused_with_exact_server_oracle ... ok
test value_contracts::value_contract_remaining_builtin_multiranges_fail_explicitly_with_native_oracles ... ok
test value_contracts::value_contract_temporal_infinities_remain_distinct_from_null ... ok
test value_contracts::value_contract_times_preserve_midnight_fraction_and_offset ... ok
test value_contracts::value_contract_tstzrange_is_explicitly_unsupported ... ok
test value_contracts::value_contract_uuid_domain_preserves_uuid_across_consumers ... ok
test value_contracts::value_contract_varbit_preserves_leading_zero_bits_across_consumers ... ok
test value_contracts::value_contract_vectors_keep_space_separated_elements_through_exports ... ok
test value_contracts::value_contract_wide_numeric_csv_round_trips_through_native_insert_plan ... ok
test value_roundtrip_all_types ... ok
test wide_numeric_contract::value_contract_max_precision_numeric_grid_edit_preserves_exact_value ... ok
test wide_numeric_contract::value_contract_numeric_domain_preserves_wide_value_across_consumers ... ok
test wide_numeric_contract::value_contract_numeric_special_grid_edits_match_server_text ... ok
test wide_numeric_contract::value_contract_wide_numeric_grid_edit_preserves_exact_value ... ok

test result: ok. 92 passed; 0 failed; 0 ignored; 0 measured; 0 filtered out; finished in 206.72s

