dbus-daemon[2708583]: [session uid=1000 pid=2708583 pidfd=5] Activating service name='org.a11y.Bus' requested by ':1.1' (uid=1000 pid=2708622 comm="gdbus call --session --dest org.a11y.Bus --object-")
dbus-daemon[2708583]: [session uid=1000 pid=2708583 pidfd=5] Successfully activated service 'org.a11y.Bus'
dbus-daemon[2708633]: Activating service name='org.a11y.atspi.Registry' requested by ':1.0' (uid=1000 pid=2708645 comm="python3 /home/trung/Projects/tablepro/.worktrees/m")
dbus-daemon[2708633]: Successfully activated service 'org.a11y.atspi.Registry'
SpiRegistry daemon is running with well-known name - org.a11y.atspi.Registry
dbus-daemon[2708583]: [session uid=1000 pid=2708583 pidfd=5] Activating service name='org.gtk.vfs.Daemon' requested by ':1.7' (uid=1000 pid=2708646 comm="/home/trung/Projects/tablepro/.worktrees/mysql-ari")
dbus-daemon[2708583]: [session uid=1000 pid=2708583 pidfd=5] Successfully activated service 'org.gtk.vfs.Daemon'
dbus-daemon[2708583]: [session uid=1000 pid=2708583 pidfd=5] Activating service name='org.freedesktop.portal.Desktop' requested by ':1.7' (uid=1000 pid=2708646 comm="/home/trung/Projects/tablepro/.worktrees/mysql-ari")
dbus-daemon[2708583]: [session uid=1000 pid=2708583 pidfd=5] Activating service name='org.freedesktop.impl.portal.PermissionStore' requested by ':1.10' (uid=1000 pid=2708717 comm="/usr/lib/xdg-desktop-portal")
dbus-daemon[2708583]: [session uid=1000 pid=2708583 pidfd=5] Successfully activated service 'org.freedesktop.impl.portal.PermissionStore'
dbus-daemon[2708583]: [session uid=1000 pid=2708583 pidfd=5] Activating service name='org.freedesktop.portal.Documents' requested by ':1.10' (uid=1000 pid=2708717 comm="/usr/lib/xdg-desktop-portal")
dbus-daemon[2708583]: [session uid=1000 pid=2708583 pidfd=5] Successfully activated service 'org.freedesktop.portal.Documents'

(/usr/lib/xdg-desktop-portal:2708717): xdg-desktop-portal-WARNING **: 06:53:50.955: Choosing gtk.portal for org.freedesktop.impl.portal.Lockdown via the deprecated UseIn key

(/usr/lib/xdg-desktop-portal:2708717): xdg-desktop-portal-WARNING **: 06:53:50.955: The preferred method to match portal implementations to desktop environments is to use the portals.conf(5) configuration file
dbus-daemon[2708583]: [session uid=1000 pid=2708583 pidfd=5] Activating service name='org.freedesktop.impl.portal.desktop.gtk' requested by ':1.10' (uid=1000 pid=2708717 comm="/usr/lib/xdg-desktop-portal")
dbus-daemon[2708583]: [session uid=1000 pid=2708583 pidfd=5] Successfully activated service 'org.freedesktop.impl.portal.desktop.gtk'

(/usr/lib/xdg-desktop-portal:2708717): xdg-desktop-portal-WARNING **: 06:53:51.015: Choosing gtk.portal for org.freedesktop.impl.portal.Access via the deprecated UseIn key

(/usr/lib/xdg-desktop-portal:2708717): xdg-desktop-portal-WARNING **: 06:53:51.024: Failed to load RealtimeKit property: GDBus.Error:org.freedesktop.DBus.Error.ServiceUnknown: The name is not activatable

(/usr/lib/xdg-desktop-portal:2708717): xdg-desktop-portal-WARNING **: 06:53:51.025: Failed to load RealtimeKit property: GDBus.Error:org.freedesktop.DBus.Error.ServiceUnknown: The name is not activatable

(/usr/lib/xdg-desktop-portal:2708717): xdg-desktop-portal-WARNING **: 06:53:51.025: Failed to load RealtimeKit property: GDBus.Error:org.freedesktop.DBus.Error.ServiceUnknown: The name is not activatable

(/usr/lib/xdg-desktop-portal:2708717): xdg-desktop-portal-WARNING **: 06:53:51.025: Choosing gtk.portal for org.freedesktop.impl.portal.Settings via the deprecated UseIn key

(/usr/lib/xdg-desktop-portal:2708717): xdg-desktop-portal-WARNING **: 06:53:51.025: Choosing gtk.portal for org.freedesktop.impl.portal.FileChooser via the deprecated UseIn key

** (xdg-desktop-portal-gtk:2708739): WARNING **: 06:53:51.026: atk-bridge: Couldn't listen on dbus server: Socket name too long


(/usr/lib/xdg-desktop-portal:2708717): xdg-desktop-portal-WARNING **: 06:53:51.026: Choosing gtk.portal for org.freedesktop.impl.portal.AppChooser via the deprecated UseIn key

(/usr/lib/xdg-desktop-portal:2708717): xdg-desktop-portal-WARNING **: 06:53:51.027: Choosing gtk.portal for org.freedesktop.impl.portal.Print via the deprecated UseIn key

(/usr/lib/xdg-desktop-portal:2708717): xdg-desktop-portal-WARNING **: 06:53:51.028: Choosing gtk.portal for org.freedesktop.impl.portal.Notification via the deprecated UseIn key

(/usr/lib/xdg-desktop-portal:2708717): xdg-desktop-portal-WARNING **: 06:53:51.028: Choosing gtk.portal for org.freedesktop.impl.portal.Inhibit via the deprecated UseIn key

(/usr/lib/xdg-desktop-portal:2708717): xdg-desktop-portal-WARNING **: 06:53:51.035: Failed to connect to PipeWire: Couldn't connect to PipeWire

(/usr/lib/xdg-desktop-portal:2708717): xdg-desktop-portal-WARNING **: 06:53:51.036: Choosing gtk.portal for org.freedesktop.impl.portal.Account via the deprecated UseIn key

(/usr/lib/xdg-desktop-portal:2708717): xdg-desktop-portal-WARNING **: 06:53:51.036: Choosing gtk.portal for org.freedesktop.impl.portal.Email via the deprecated UseIn key

(/usr/lib/xdg-desktop-portal:2708717): xdg-desktop-portal-WARNING **: 06:53:51.037: Choosing gnome-keyring.portal for org.freedesktop.impl.portal.Secret via the deprecated UseIn key

(/usr/lib/xdg-desktop-portal:2708717): xdg-desktop-portal-WARNING **: 06:53:51.037: Choosing gtk.portal for org.freedesktop.impl.portal.DynamicLauncher via the deprecated UseIn key
dbus-daemon[2708583]: [session uid=1000 pid=2708583 pidfd=5] Successfully activated service 'org.freedesktop.portal.Desktop'

(process:2708645): dbind-WARNING **: 06:53:51.129: AT-SPI: Error in GetItems, sender=:1.3, error=Object does not exist at path “/org/a11y/atspi/cache”
dbus-daemon[2708583]: [session uid=1000 pid=2708583 pidfd=5] Activating service name='org.gtk.vfs.UDisks2VolumeMonitor' requested by ':1.7' (uid=1000 pid=2708646 comm="/home/trung/Projects/tablepro/.worktrees/mysql-ari")
dbus-daemon[2708583]: [session uid=1000 pid=2708583 pidfd=5] Successfully activated service 'org.gtk.vfs.UDisks2VolumeMonitor'
dbus-daemon[2708583]: [session uid=1000 pid=2708583 pidfd=5] Activating service name='org.gtk.vfs.MTPVolumeMonitor' requested by ':1.7' (uid=1000 pid=2708646 comm="/home/trung/Projects/tablepro/.worktrees/mysql-ari")
dbus-daemon[2708583]: [session uid=1000 pid=2708583 pidfd=5] Successfully activated service 'org.gtk.vfs.MTPVolumeMonitor'
dbus-daemon[2708583]: [session uid=1000 pid=2708583 pidfd=5] Activating service name='org.gtk.vfs.Metadata' requested by ':1.14' (uid=1000 pid=2708739 comm="/usr/lib/xdg-desktop-portal-gtk")
dbus-daemon[2708583]: [session uid=1000 pid=2708583 pidfd=5] Successfully activated service 'org.gtk.vfs.Metadata'
dbus-daemon[2708583]: [session uid=1000 pid=2708583 pidfd=5] Activating service name='ca.desrt.dconf' requested by ':1.14' (uid=1000 pid=2708739 comm="/usr/lib/xdg-desktop-portal-gtk")
dbus-daemon[2708583]: [session uid=1000 pid=2708583 pidfd=5] Successfully activated service 'ca.desrt.dconf'

(process:2708645): dbind-WARNING **: 06:53:54.269: AT-SPI: Error in GetItems, sender=:1.4, error=Object does not exist at path “/org/a11y/atspi/cache”

(process:2708645): dbind-WARNING **: 06:53:57.550: AT-SPI: Error in GetItems, sender=:1.5, error=Object does not exist at path “/org/a11y/atspi/cache”

(process:2708645): dbind-WARNING **: 06:54:16.625: AT-SPI: Error in GetItems, sender=:1.6, error=Object does not exist at path “/org/a11y/atspi/cache”
passed: bundle_export_records_sanitized_audit_outcome
passed: bundle_import_records_sanitized_audit_outcome
passed: encrypted_bundle_round_trip_restores_credentials
passed: a_bundle_from_one_profile_imports_unchanged_into_an_empty_second_profile
A connection to the bus can't be made
A connection to the bus can't be made
A connection to the bus can't be made
