dbus-daemon[4123555]: [session uid=1000 pid=4123555 pidfd=5] Activating service name='org.freedesktop.secrets' requested by ':1.0' (uid=1000 pid=4124611 comm="secret-tool store --label=BookiE GTK MySQL fixture")
dbus-daemon[4123555]: [session uid=1000 pid=4123555 pidfd=5] Successfully activated service 'org.freedesktop.secrets'
discover_other_daemon: 1dbus-daemon[4123555]: [session uid=1000 pid=4123555 pidfd=5] Activating service name='org.a11y.Bus' requested by ':1.4' (uid=1000 pid=4124734 comm="gdbus call --session --dest org.a11y.Bus --object-")
dbus-daemon[4123555]: [session uid=1000 pid=4123555 pidfd=5] Successfully activated service 'org.a11y.Bus'
    Finished `release` profile [optimized] target(s) in 0.31s
dbus-daemon[4124745]: Activating service name='org.a11y.atspi.Registry' requested by ':1.0' (uid=1000 pid=4124759 comm="python3 /home/trung/Projects/tablepro/.worktrees/b")
dbus-daemon[4124745]: Successfully activated service 'org.a11y.atspi.Registry'
SpiRegistry daemon is running with well-known name - org.a11y.atspi.Registry
dbus-daemon[4123555]: [session uid=1000 pid=4123555 pidfd=5] Activating service name='org.gtk.vfs.Daemon' requested by ':1.9' (uid=1000 pid=4124760 comm="/home/trung/Projects/tablepro/.worktrees/b4-aud9-l")
dbus-daemon[4123555]: [session uid=1000 pid=4123555 pidfd=5] Successfully activated service 'org.gtk.vfs.Daemon'
dbus-daemon[4123555]: [session uid=1000 pid=4123555 pidfd=5] Activating service name='org.freedesktop.portal.Desktop' requested by ':1.9' (uid=1000 pid=4124760 comm="/home/trung/Projects/tablepro/.worktrees/b4-aud9-l")
dbus-daemon[4123555]: [session uid=1000 pid=4123555 pidfd=5] Activating service name='org.freedesktop.impl.portal.PermissionStore' requested by ':1.12' (uid=1000 pid=4124831 comm="/usr/lib/xdg-desktop-portal")
dbus-daemon[4123555]: [session uid=1000 pid=4123555 pidfd=5] Successfully activated service 'org.freedesktop.impl.portal.PermissionStore'
dbus-daemon[4123555]: [session uid=1000 pid=4123555 pidfd=5] Activating service name='org.freedesktop.portal.Documents' requested by ':1.12' (uid=1000 pid=4124831 comm="/usr/lib/xdg-desktop-portal")
dbus-daemon[4123555]: [session uid=1000 pid=4123555 pidfd=5] Successfully activated service 'org.freedesktop.portal.Documents'
dbus-daemon[4123555]: [session uid=1000 pid=4123555 pidfd=5] Activating service name='org.freedesktop.impl.portal.desktop.gtk' requested by ':1.12' (uid=1000 pid=4124831 comm="/usr/lib/xdg-desktop-portal")
dbus-daemon[4123555]: [session uid=1000 pid=4123555 pidfd=5] Successfully activated service 'org.freedesktop.impl.portal.desktop.gtk'

(/usr/lib/xdg-desktop-portal:4124831): xdg-desktop-portal-WARNING **: 16:23:41.241: Failed to load RealtimeKit property: GDBus.Error:org.freedesktop.DBus.Error.ServiceUnknown: The name is not activatable

(/usr/lib/xdg-desktop-portal:4124831): xdg-desktop-portal-WARNING **: 16:23:41.241: Failed to load RealtimeKit property: GDBus.Error:org.freedesktop.DBus.Error.ServiceUnknown: The name is not activatable

(/usr/lib/xdg-desktop-portal:4124831): xdg-desktop-portal-WARNING **: 16:23:41.241: Failed to load RealtimeKit property: GDBus.Error:org.freedesktop.DBus.Error.ServiceUnknown: The name is not activatable

(/usr/lib/xdg-desktop-portal:4124831): xdg-desktop-portal-WARNING **: 16:23:41.247: Failed to connect to PipeWire: Couldn't connect to PipeWire
dbus-daemon[4123555]: [session uid=1000 pid=4123555 pidfd=5] Activating service name='org.freedesktop.impl.portal.desktop.hyprland' requested by ':1.12' (uid=1000 pid=4124831 comm="/usr/lib/xdg-desktop-portal")
dbus-daemon[4123555]: [session uid=1000 pid=4123555 pidfd=5] Successfully activated service 'org.freedesktop.impl.portal.desktop.hyprland'
[LOG] Initializing xdph...
[CRITICAL] Couldn't connect to a wayland compositor
dbus-daemon[4123555]: [session uid=1000 pid=4123555 pidfd=5] Activating service name='org.freedesktop.impl.portal.desktop.hyprland' requested by ':1.12' (uid=1000 pid=4124831 comm="/usr/lib/xdg-desktop-portal")
dbus-daemon[4123555]: [session uid=1000 pid=4123555 pidfd=5] Successfully activated service 'org.freedesktop.impl.portal.desktop.hyprland'
[LOG] Initializing xdph...
[CRITICAL] Couldn't connect to a wayland compositor
dbus-daemon[4123555]: [session uid=1000 pid=4123555 pidfd=5] Activating service name='org.freedesktop.impl.portal.desktop.hyprland' requested by ':1.12' (uid=1000 pid=4124831 comm="/usr/lib/xdg-desktop-portal")
dbus-daemon[4123555]: [session uid=1000 pid=4123555 pidfd=5] Successfully activated service 'org.freedesktop.impl.portal.desktop.hyprland'
[LOG] Initializing xdph...
[CRITICAL] Couldn't connect to a wayland compositor
dbus-daemon[4123555]: [session uid=1000 pid=4123555 pidfd=5] Activating service name='org.freedesktop.impl.portal.desktop.hyprland' requested by ':1.12' (uid=1000 pid=4124831 comm="/usr/lib/xdg-desktop-portal")
dbus-daemon[4123555]: [session uid=1000 pid=4123555 pidfd=5] Successfully activated service 'org.freedesktop.impl.portal.desktop.hyprland'
[LOG] Initializing xdph...
[CRITICAL] Couldn't connect to a wayland compositor
dbus-daemon[4123555]: [session uid=1000 pid=4123555 pidfd=5] Successfully activated service 'org.freedesktop.portal.Desktop'

(process:4124759): dbind-WARNING **: 16:23:41.329: AT-SPI: Error in GetItems, sender=:1.3, error=Object does not exist at path “/org/a11y/atspi/cache”
passed: mysql_unparseable_routine_dialog_denial_preserves_database
A connection to the bus can't be made
