dbus-daemon[2254841]: [session uid=1000 pid=2254841 pidfd=5] Activating service name='org.a11y.Bus' requested by ':1.1' (uid=1000 pid=2255078 comm="gdbus call --session --dest org.a11y.Bus --object-")
dbus-daemon[2254841]: [session uid=1000 pid=2254841 pidfd=5] Successfully activated service 'org.a11y.Bus'
dbus-daemon[2255089]: Activating service name='org.a11y.atspi.Registry' requested by ':1.0' (uid=1000 pid=2255101 comm="python3 /home/trung/Projects/tablepro/.worktrees/b")
dbus-daemon[2255089]: Successfully activated service 'org.a11y.atspi.Registry'
SpiRegistry daemon is running with well-known name - org.a11y.atspi.Registry
dbus-daemon[2254841]: [session uid=1000 pid=2254841 pidfd=5] Activating service name='org.gtk.vfs.Daemon' requested by ':1.7' (uid=1000 pid=2255102 comm="/home/trung/Projects/tablepro/.worktrees/b4-curren")
dbus-daemon[2254841]: [session uid=1000 pid=2254841 pidfd=5] Successfully activated service 'org.gtk.vfs.Daemon'
dbus-daemon[2254841]: [session uid=1000 pid=2254841 pidfd=5] Activating service name='org.freedesktop.portal.Desktop' requested by ':1.7' (uid=1000 pid=2255102 comm="/home/trung/Projects/tablepro/.worktrees/b4-curren")
dbus-daemon[2254841]: [session uid=1000 pid=2254841 pidfd=5] Activating service name='org.freedesktop.impl.portal.PermissionStore' requested by ':1.10' (uid=1000 pid=2255173 comm="/usr/lib/xdg-desktop-portal")
dbus-daemon[2254841]: [session uid=1000 pid=2254841 pidfd=5] Successfully activated service 'org.freedesktop.impl.portal.PermissionStore'
dbus-daemon[2254841]: [session uid=1000 pid=2254841 pidfd=5] Activating service name='org.freedesktop.portal.Documents' requested by ':1.10' (uid=1000 pid=2255173 comm="/usr/lib/xdg-desktop-portal")
dbus-daemon[2254841]: [session uid=1000 pid=2254841 pidfd=5] Successfully activated service 'org.freedesktop.portal.Documents'

(/usr/lib/xdg-desktop-portal:2255173): xdg-desktop-portal-WARNING **: 04:48:07.899: Choosing gtk.portal for org.freedesktop.impl.portal.Lockdown via the deprecated UseIn key

(/usr/lib/xdg-desktop-portal:2255173): xdg-desktop-portal-WARNING **: 04:48:07.899: The preferred method to match portal implementations to desktop environments is to use the portals.conf(5) configuration file
dbus-daemon[2254841]: [session uid=1000 pid=2254841 pidfd=5] Activating service name='org.freedesktop.impl.portal.desktop.gtk' requested by ':1.10' (uid=1000 pid=2255173 comm="/usr/lib/xdg-desktop-portal")
dbus-daemon[2254841]: [session uid=1000 pid=2254841 pidfd=5] Successfully activated service 'org.freedesktop.impl.portal.desktop.gtk'

(/usr/lib/xdg-desktop-portal:2255173): xdg-desktop-portal-WARNING **: 04:48:07.949: Choosing gtk.portal for org.freedesktop.impl.portal.Access via the deprecated UseIn key

(/usr/lib/xdg-desktop-portal:2255173): xdg-desktop-portal-WARNING **: 04:48:07.957: Failed to load RealtimeKit property: GDBus.Error:org.freedesktop.DBus.Error.ServiceUnknown: The name is not activatable

(/usr/lib/xdg-desktop-portal:2255173): xdg-desktop-portal-WARNING **: 04:48:07.957: Failed to load RealtimeKit property: GDBus.Error:org.freedesktop.DBus.Error.ServiceUnknown: The name is not activatable

(/usr/lib/xdg-desktop-portal:2255173): xdg-desktop-portal-WARNING **: 04:48:07.957: Failed to load RealtimeKit property: GDBus.Error:org.freedesktop.DBus.Error.ServiceUnknown: The name is not activatable

(/usr/lib/xdg-desktop-portal:2255173): xdg-desktop-portal-WARNING **: 04:48:07.957: Choosing gtk.portal for org.freedesktop.impl.portal.Settings via the deprecated UseIn key

(/usr/lib/xdg-desktop-portal:2255173): xdg-desktop-portal-WARNING **: 04:48:07.958: Choosing gtk.portal for org.freedesktop.impl.portal.FileChooser via the deprecated UseIn key

(/usr/lib/xdg-desktop-portal:2255173): xdg-desktop-portal-WARNING **: 04:48:07.958: Choosing gtk.portal for org.freedesktop.impl.portal.AppChooser via the deprecated UseIn key

(/usr/lib/xdg-desktop-portal:2255173): xdg-desktop-portal-WARNING **: 04:48:07.959: Choosing gtk.portal for org.freedesktop.impl.portal.Print via the deprecated UseIn key

(/usr/lib/xdg-desktop-portal:2255173): xdg-desktop-portal-WARNING **: 04:48:07.959: Choosing gtk.portal for org.freedesktop.impl.portal.Notification via the deprecated UseIn key

(/usr/lib/xdg-desktop-portal:2255173): xdg-desktop-portal-WARNING **: 04:48:07.960: Choosing gtk.portal for org.freedesktop.impl.portal.Inhibit via the deprecated UseIn key

(/usr/lib/xdg-desktop-portal:2255173): xdg-desktop-portal-WARNING **: 04:48:07.963: Failed to connect to PipeWire: Couldn't connect to PipeWire

(/usr/lib/xdg-desktop-portal:2255173): xdg-desktop-portal-WARNING **: 04:48:07.963: Choosing gtk.portal for org.freedesktop.impl.portal.Account via the deprecated UseIn key

(/usr/lib/xdg-desktop-portal:2255173): xdg-desktop-portal-WARNING **: 04:48:07.963: Choosing gtk.portal for org.freedesktop.impl.portal.Email via the deprecated UseIn key

(/usr/lib/xdg-desktop-portal:2255173): xdg-desktop-portal-WARNING **: 04:48:07.964: Choosing gnome-keyring.portal for org.freedesktop.impl.portal.Secret via the deprecated UseIn key

(/usr/lib/xdg-desktop-portal:2255173): xdg-desktop-portal-WARNING **: 04:48:07.964: Choosing gtk.portal for org.freedesktop.impl.portal.DynamicLauncher via the deprecated UseIn key
dbus-daemon[2254841]: [session uid=1000 pid=2254841 pidfd=5] Successfully activated service 'org.freedesktop.portal.Desktop'

(process:2255101): dbind-WARNING **: 04:48:08.112: AT-SPI: Error in GetItems, sender=:1.3, error=Object does not exist at path “/org/a11y/atspi/cache”
dbus-daemon[2254841]: [session uid=1000 pid=2254841 pidfd=5] Activating service name='org.gtk.vfs.UDisks2VolumeMonitor' requested by ':1.7' (uid=1000 pid=2255102 comm="/home/trung/Projects/tablepro/.worktrees/b4-curren")
dbus-daemon[2254841]: [session uid=1000 pid=2254841 pidfd=5] Successfully activated service 'org.gtk.vfs.UDisks2VolumeMonitor'
dbus-daemon[2254841]: [session uid=1000 pid=2254841 pidfd=5] Activating service name='org.gtk.vfs.MTPVolumeMonitor' requested by ':1.7' (uid=1000 pid=2255102 comm="/home/trung/Projects/tablepro/.worktrees/b4-curren")
dbus-daemon[2254841]: [session uid=1000 pid=2254841 pidfd=5] Successfully activated service 'org.gtk.vfs.MTPVolumeMonitor'
dbus-daemon[2254841]: [session uid=1000 pid=2254841 pidfd=5] Activating service name='org.gtk.vfs.Metadata' requested by ':1.14' (uid=1000 pid=2255195 comm="/usr/lib/xdg-desktop-portal-gtk")
dbus-daemon[2254841]: [session uid=1000 pid=2254841 pidfd=5] Successfully activated service 'org.gtk.vfs.Metadata'
dbus-daemon[2254841]: [session uid=1000 pid=2254841 pidfd=5] Activating service name='ca.desrt.dconf' requested by ':1.14' (uid=1000 pid=2255195 comm="/usr/lib/xdg-desktop-portal-gtk")
dbus-daemon[2254841]: [session uid=1000 pid=2254841 pidfd=5] Successfully activated service 'ca.desrt.dconf'

(process:2255101): dbind-WARNING **: 04:48:14.285: AT-SPI: Error in GetItems, sender=:1.5, error=Object does not exist at path “/org/a11y/atspi/cache”

(process:2255101): dbind-WARNING **: 04:48:33.003: AT-SPI: Error in GetItems, sender=:1.6, error=Object does not exist at path “/org/a11y/atspi/cache”

(process:2255101): dbind-WARNING **: 04:48:40.481: AT-SPI: Error in GetItems, sender=:1.7, error=Object does not exist at path “/org/a11y/atspi/cache”
passed: bundle_export_records_sanitized_audit_outcome
passed: bundle_import_records_sanitized_audit_outcome
passed: encrypted_bundle_round_trip_restores_credentials
passed: a_bundle_from_one_profile_imports_unchanged_into_an_empty_second_profile
A connection to the bus can't be made
A connection to the bus can't be made
A connection to the bus can't be made
