 Image bookie-mssql-kerberos-mssql Building 
 Image bookie-mssql-kerberos-client Building 
#1 [internal] load local bake definitions
#1 reading from stdin 1.17kB done
#1 DONE 0.0s

#2 [mssql internal] load build definition from Dockerfile
#2 transferring dockerfile: 509B done
#2 DONE 0.0s

#3 [client internal] load build definition from Dockerfile
#3 transferring dockerfile: 213B done
#3 DONE 0.0s

#4 [mssql internal] load metadata for mcr.microsoft.com/mssql/server@sha256:97b448857967be55e005424a660056fe6d51814435804dc07e8f79f028bab5fb
#4 DONE 0.1s

#5 [client internal] load metadata for docker.io/library/archlinux@sha256:4e77cf2ea5f410e6f8be5abf93ccf17ce2436e87a138c167208356711a405dbd
#5 ...

#6 [mssql internal] load .dockerignore
#6 transferring context: 2B done
#6 DONE 0.0s

#7 [mssql 1/5] FROM mcr.microsoft.com/mssql/server@sha256:97b448857967be55e005424a660056fe6d51814435804dc07e8f79f028bab5fb
#7 resolve mcr.microsoft.com/mssql/server@sha256:97b448857967be55e005424a660056fe6d51814435804dc07e8f79f028bab5fb 0.0s done
#7 DONE 0.0s

#8 [mssql internal] load build context
#8 transferring context: 822B done
#8 DONE 0.0s

#9 [mssql 2/5] COPY mssql/entrypoint.sh /fixture/entrypoint.sh
#9 CACHED

#10 [mssql 3/5] COPY mssql/start-mssql.sh /fixture/start-mssql.sh
#10 CACHED

#11 [mssql 4/5] COPY mssql/setup.sql /fixture/setup.sql
#11 CACHED

#12 [mssql 5/5] RUN mkdir -p /var/opt/mssql/secrets     && chown -R mssql:root /fixture /var/opt/mssql/secrets     && chmod 500 /fixture/entrypoint.sh /fixture/start-mssql.sh
#12 CACHED

#13 [mssql] exporting to image
#13 exporting layers done
#13 exporting manifest sha256:140a5b5763d66630e80de8fabbe1cd4e68527e8fb89d25508e41eadd50cfabf0 done
#13 exporting config sha256:0bcf047ba28a0916b73f8d476a9eaa9275c71f5e84d1b4c14726d2ece37fe523 done
#13 exporting attestation manifest sha256:298bddebdc584a209422b1e3a550befb04ebe885e7a58b17c4e61fbf83fd5544 done
#13 exporting manifest list sha256:6998333707b1b9db5d36f1456ede32b48f69e3f3542531e5a4b3a7d0db75ad93 done
#13 naming to docker.io/library/bookie-mssql-kerberos-mssql:latest done
#13 unpacking to docker.io/library/bookie-mssql-kerberos-mssql:latest done
#13 DONE 0.1s

#14 [mssql] resolving provenance for metadata file
#14 DONE 0.0s

#5 [client internal] load metadata for docker.io/library/archlinux@sha256:4e77cf2ea5f410e6f8be5abf93ccf17ce2436e87a138c167208356711a405dbd
#5 DONE 0.7s

#6 [client internal] load .dockerignore
#6 CACHED

#15 [client 1/2] FROM docker.io/library/archlinux@sha256:4e77cf2ea5f410e6f8be5abf93ccf17ce2436e87a138c167208356711a405dbd
#15 resolve docker.io/library/archlinux@sha256:4e77cf2ea5f410e6f8be5abf93ccf17ce2436e87a138c167208356711a405dbd 0.0s done
#15 DONE 0.0s

#16 [client 2/2] RUN pacman -Sy --noconfirm krb5 openssl     && pacman -Scc --noconfirm
#16 CACHED

#17 [client] exporting to image
#17 exporting layers done
#17 exporting manifest sha256:cf53f9e177d88be2971c3c87916b20f93740874b9bd6423619432aeb7db645a4 done
#17 exporting config sha256:d8446fc722c06fc4fcaba1c30dd546638c506531d154f95464eb1e3bfcc605f3 done
#17 exporting attestation manifest sha256:edda281dc9ae19c301e30605ecaac91e8f38f8f1f960bda61b0a7c54e5d7c465 done
#17 exporting manifest list sha256:bf38a9e80c95a3f49757cbd5f621c07f8649aaf96e8a29f59a4c16b14e643363 done
#17 naming to docker.io/library/bookie-mssql-kerberos-client:latest done
#17 unpacking to docker.io/library/bookie-mssql-kerberos-client:latest done
#17 DONE 0.1s

#18 [client] resolving provenance for metadata file
#18 DONE 0.0s
 Image bookie-mssql-kerberos-client Built 
 Image bookie-mssql-kerberos-mssql Built 
 Network bookie-mssql-kerberos_fixture Creating 
 Network bookie-mssql-kerberos_fixture Creating 
 Network bookie-mssql-kerberos_fixture Created 
 Network bookie-mssql-kerberos_fixture Created 
 Container bookie-mssql-kerberos-ad-1 Creating 
 Container bookie-mssql-kerberos-ad-1 Created 
 Container bookie-mssql-kerberos-ad-1 Starting 
 Container bookie-mssql-kerberos-ad-1 Started 
 Container bookie-mssql-kerberos-ad-1 Waiting 
 Container bookie-mssql-kerberos-ad-1 Healthy 
User 'bookiekerb' added successfully
User 'mssqlsvc' added successfully
Record added successfully
Record added successfully
Zone 50.30.172.in-addr.arpa created successfully
Record added successfully
Export one principal to /tmp/mssql-spn.keytab
Export one principal to /tmp/mssql-account.keytab
 bookie-mssql-kerberos-ad-1 Copying bookie-mssql-kerberos-ad-1:/tmp/mssql-spn.keytab to /tmp/bookie-b4-candidate-2026-10-07/linux/tests/fixtures/mssql-kerberos/materials/mssql-spn.keytab
 bookie-mssql-kerberos-ad-1 Copied bookie-mssql-kerberos-ad-1:/tmp/mssql-spn.keytab to /tmp/bookie-b4-candidate-2026-10-07/linux/tests/fixtures/mssql-kerberos/materials/mssql-spn.keytab
 bookie-mssql-kerberos-ad-1 Copying bookie-mssql-kerberos-ad-1:/tmp/mssql-account.keytab to /tmp/bookie-b4-candidate-2026-10-07/linux/tests/fixtures/mssql-kerberos/materials/mssql-account.keytab
 bookie-mssql-kerberos-ad-1 Copied bookie-mssql-kerberos-ad-1:/tmp/mssql-account.keytab to /tmp/bookie-b4-candidate-2026-10-07/linux/tests/fixtures/mssql-kerberos/materials/mssql-account.keytab
ktutil:  </fixtures/mssql-kerberos/materials/mssql-spn.keytab
ktutil:  <tures/mssql-kerberos/materials/mssql-account.keytab
ktutil:  <ests/fixtures/mssql-kerberos/materials/mssql.keytab
ktutil:  quit
 Container bookie-mssql-kerberos-ad-1 Running 
 Container bookie-mssql-kerberos-mssql-1 Creating 
 Container bookie-mssql-kerberos-mssql-1 Created 
 Container bookie-mssql-kerberos-ad-1 Waiting 
 Container bookie-mssql-kerberos-ad-1 Healthy 
 Container bookie-mssql-kerberos-mssql-1 Starting 
 Container bookie-mssql-kerberos-mssql-1 Started 
 Container bookie-mssql-kerberos-mssql-1 Waiting 
 Container bookie-mssql-kerberos-ad-1 Waiting 
 Container bookie-mssql-kerberos-ad-1 Healthy 
 Container bookie-mssql-kerberos-mssql-1 Healthy 
   Compiling tablepro-driver-mssql v0.1.0 (/tmp/bookie-b4-candidate-2026-10-07/linux/crates/drivers/mssql)
   Compiling tablepro-driver-tls-tests v0.1.0 (/tmp/bookie-b4-candidate-2026-10-07/linux/crates/driver-tls-tests)
    Finished `test` profile [unoptimized + debuginfo] target(s) in 2.39s
  Executable tests/mssql_kerberos.rs (/home/trung/Projects/tablepro/linux/target/debug/deps/mssql_kerberos-7327f479c4c3f8a0)
 Container bookie-mssql-kerberos-mssql-1 Running 
 Container bookie-mssql-kerberos-ad-1 Running 
 Container bookie-mssql-kerberos-ad-1 Waiting 
 Container bookie-mssql-kerberos-ad-1 Healthy 
 Container bookie-mssql-kerberos-mssql-1 Waiting 
 Container bookie-mssql-kerberos-mssql-1 Healthy 
 Container bookie-mssql-kerberos-client-run-fa3c413bbd72 Creating 
 Container bookie-mssql-kerberos-client-run-fa3c413bbd72 Created 
Password for bookiekerb@DOMAIN1.SINK.TEST: 
MSSQLSvc/mssql.domain1.sink.test:1433@DOMAIN1.SINK.TEST: kvno = 2, keytab entry valid

running 2 tests
test kerberos_refuses_an_unregistered_sql_server_spn ... ok
test kerberos_ticket_connects_over_verified_tls_and_executes_query ... ok

test result: ok. 2 passed; 0 failed; 0 ignored; 0 measured; 0 filtered out; finished in 0.07s

