wrote driver-tls materials to /tmp/bookie-b4-candidate-2026-10-07/linux/tests/fixtures/driver-tls/materials
 Image tablepro-driver-tls-mysql-ssh Building 
 Image tablepro-driver-tls-mysql-mtls Building 
 Image tablepro-driver-tls-mssql-ssh Building 
 Image tablepro-driver-tls-mssql-plain Building 
 Image tablepro-driver-tls-mysql Building 
 Image tablepro-driver-tls-clickhouse Building 
 Image tablepro-driver-tls-mongo Building 
 Image tablepro-driver-tls-mssql Building 
 Image tablepro-driver-tls-redis Building 
 Image tablepro-driver-tls-ssh-bastion Building 
 Image tablepro-driver-tls-mysql-mtls-ssh Building 
#1 [internal] load local bake definitions
#1 reading from stdin 6.13kB done
#1 DONE 0.0s

#2 [mysql-mtls-ssh internal] load build definition from Dockerfile
#2 transferring dockerfile: 300B done
#2 DONE 0.1s

#3 [mongo internal] load build definition from Dockerfile
#3 transferring dockerfile: 240B done
#3 DONE 0.0s

#4 [mssql-plain internal] load build definition from Dockerfile
#4 transferring dockerfile: 766B done
#4 DONE 0.0s

#5 [ssh-bastion internal] load build definition from Dockerfile
#5 transferring dockerfile: 974B done
#5 DONE 0.1s

#6 [redis internal] load build definition from Dockerfile
#6 transferring dockerfile: 305B done
#6 DONE 0.1s

#7 [clickhouse internal] load build definition from Dockerfile
#7 transferring dockerfile: 405B done
#7 DONE 0.1s

#8 [mysql internal] load metadata for docker.io/library/mysql:8.4
#8 ...

#9 [mssql internal] load metadata for mcr.microsoft.com/mssql/server:2022-latest
#9 DONE 0.1s

#10 [mongo internal] load .dockerignore
#10 transferring context: 2B done
#10 DONE 0.0s

#11 [mssql-ssh internal] load build context
#11 DONE 0.0s

#12 [mongo internal] load metadata for docker.io/library/mongo:7
#12 DONE 0.1s

#13 [mongo internal] load build context
#13 DONE 0.0s

#8 [mysql internal] load metadata for docker.io/library/mysql:8.4
#8 DONE 0.2s

#10 [clickhouse internal] load .dockerignore
#10 transferring context: 2B done
#10 DONE 0.0s

#14 [redis internal] load build context
#14 DONE 0.0s

#15 [ssh-bastion internal] load metadata for docker.io/library/alpine:3.22
#15 DONE 0.2s

#16 [ssh-bastion internal] load build context
#16 DONE 0.0s

#17 [redis internal] load metadata for docker.io/library/redis:7-alpine
#17 DONE 0.2s

#18 [clickhouse internal] load metadata for docker.io/clickhouse/clickhouse-server:24.8-alpine
#18 DONE 0.2s

#19 [clickhouse internal] load build context
#19 DONE 0.0s

#11 [mssql-plain internal] load build context
#11 transferring context: 4.12kB done
#11 DONE 0.0s

#13 [mongo internal] load build context
#13 transferring context: 4.50kB done
#13 DONE 0.0s

#20 [mssql 1/6] FROM mcr.microsoft.com/mssql/server:2022-latest@sha256:97b448857967be55e005424a660056fe6d51814435804dc07e8f79f028bab5fb
#20 resolve mcr.microsoft.com/mssql/server:2022-latest@sha256:97b448857967be55e005424a660056fe6d51814435804dc07e8f79f028bab5fb 0.1s done
#20 CACHED

#21 [mongo 1/4] FROM docker.io/library/mongo:7@sha256:b6421fd6d1c5ded6377b397d8983e2f82e2100dc5123332dcfda2065a472be5b
#21 resolve docker.io/library/mongo:7@sha256:b6421fd6d1c5ded6377b397d8983e2f82e2100dc5123332dcfda2065a472be5b 0.1s done
#21 CACHED

#14 [mysql-ssh internal] load build context
#14 transferring context: 4.55kB done
#14 DONE 0.0s

#22 [mysql-mtls 1/5] FROM docker.io/library/mysql:8.4@sha256:85b9bf2e29cf836ecb8c2a15a935d4ba0c606631dff1dd79531a11983c638f2a
#22 resolve docker.io/library/mysql:8.4@sha256:85b9bf2e29cf836ecb8c2a15a935d4ba0c606631dff1dd79531a11983c638f2a 0.1s done
#22 CACHED

#23 [redis 1/5] FROM docker.io/library/redis:7-alpine@sha256:e7723ff73d963f5cc6d9c4643ea3d989527a402a319239054e9472a7fb9219a2
#23 resolve docker.io/library/redis:7-alpine@sha256:e7723ff73d963f5cc6d9c4643ea3d989527a402a319239054e9472a7fb9219a2 0.1s done
#23 CACHED

#24 [clickhouse 1/6] FROM docker.io/clickhouse/clickhouse-server:24.8-alpine@sha256:b002e56ed5c16e224c312527f6fcba7e77216fec5d7a88a7828f59efc614feb5
#24 resolve docker.io/clickhouse/clickhouse-server:24.8-alpine@sha256:b002e56ed5c16e224c312527f6fcba7e77216fec5d7a88a7828f59efc614feb5 0.1s done
#24 DONE 0.1s

#16 [ssh-bastion internal] load build context
#16 transferring context: 193B done
#16 DONE 0.0s

#25 [mysql-mtls-ssh 2/5] COPY materials/server.crt /certs/server.crt
#25 ...

#26 [ssh-bastion 1/3] FROM docker.io/library/alpine:3.22@sha256:5291449c3df73caf6ed85e649dec1b9e818b39a5d8c871e97afc13e9cd5e8fa8
#26 resolve docker.io/library/alpine:3.22@sha256:5291449c3df73caf6ed85e649dec1b9e818b39a5d8c871e97afc13e9cd5e8fa8 0.1s done
#26 CACHED

#19 [clickhouse internal] load build context
#19 transferring context: 5.15kB done
#19 DONE 0.3s

#27 [mssql-ssh 2/6] COPY materials/server.crt /certs/server.crt
#27 DONE 0.4s

#25 [mysql 2/5] COPY materials/server.crt /certs/server.crt
#25 DONE 0.4s

#28 [mongo 2/4] COPY materials/server.pem /certs/server.pem
#28 DONE 0.4s

#24 [clickhouse 1/6] FROM docker.io/clickhouse/clickhouse-server:24.8-alpine@sha256:b002e56ed5c16e224c312527f6fcba7e77216fec5d7a88a7828f59efc614feb5
#24 CACHED

#29 [redis 2/5] COPY materials/server.crt /certs/server.crt
#29 DONE 0.4s

#30 [ssh-bastion 2/3] COPY materials/ssh_client.pub /tmp/ssh_client.pub
#30 DONE 0.3s

#31 [clickhouse 2/6] COPY materials/server.crt /certs/server.crt
#31 DONE 0.2s

#32 [mysql-ssh 3/5] COPY materials/server.key /certs/server.key
#32 DONE 0.4s

#33 [mssql-plain 3/6] COPY materials/server.key /certs/server.key
#33 DONE 0.4s

#34 [mongo 3/4] COPY materials/ca.crt /certs/ca.crt
#34 DONE 0.4s

#35 [redis 3/5] COPY materials/server.key /certs/server.key
#35 DONE 0.4s

#36 [clickhouse 3/6] COPY materials/server.key /certs/server.key
#36 DONE 0.3s

#37 [mysql 4/5] COPY materials/ca.crt /certs/ca.crt
#37 DONE 0.3s

#38 [mssql 4/6] COPY mssql/entrypoint.sh /fixture/entrypoint.sh
#38 DONE 0.3s

#39 [redis 4/5] COPY materials/ca.crt /certs/ca.crt
#39 DONE 0.2s

#40 [clickhouse 4/6] COPY materials/ca.crt /certs/ca.crt
#40 DONE 0.3s

#41 [mongo 4/4] RUN chown -R mongodb:mongodb /certs     && chmod 600 /certs/server.pem     && chmod 644 /certs/ca.crt
#41 DONE 0.5s

#42 [mysql 5/5] RUN chown -R mysql:mysql /certs     && chmod 600 /certs/server.key     && chmod 644 /certs/server.crt /certs/ca.crt
#42 ...

#43 [mssql-plain 5/6] COPY mssql/setup.sql /fixture/setup.sql
#43 DONE 0.3s

#44 [mssql 6/6] RUN chown -R mssql:root /certs /fixture     && chmod 400 /certs/server.key     && chmod 444 /certs/server.crt     && chmod 500 /fixture/entrypoint.sh     && if [ "1" = "1" ]; then       /opt/mssql/bin/mssql-conf set network.tlscert /certs/server.crt       && /opt/mssql/bin/mssql-conf set network.tlskey /certs/server.key       && /opt/mssql/bin/mssql-conf set network.forceencryption 1;     fi
#44 ...

#45 [clickhouse 5/6] COPY clickhouse/tls.xml /etc/clickhouse-server/config.d/tls.xml
#45 DONE 0.5s

#46 [redis 5/5] RUN chown -R redis:redis /certs     && chmod 600 /certs/server.key     && chmod 644 /certs/server.crt /certs/ca.crt
#46 DONE 0.5s

#42 [mysql-ssh 5/5] RUN chown -R mysql:mysql /certs     && chmod 600 /certs/server.key     && chmod 644 /certs/server.crt /certs/ca.crt
#42 DONE 0.6s

#47 [mysql-mtls-ssh] exporting to image
#47 exporting layers
#47 ...

#48 [ssh-bastion 3/3] RUN apk add --no-cache openssh-server     && adduser -D -s /bin/sh tunnel     && echo 'tunnel:fixture-only' | chpasswd     && mkdir -p /home/tunnel/.ssh /run/sshd     && chown -R tunnel:tunnel /home/tunnel/.ssh     && chmod 700 /home/tunnel/.ssh     && printf '%s\n'       'PermitRootLogin no'       'PasswordAuthentication no'       'KbdInteractiveAuthentication no'       'PubkeyAuthentication yes'       'AllowTcpForwarding local'       'AllowStreamLocalForwarding yes'       'PermitOpen mysql-ssh.tablepro.test:3306 mysql-mtls-ssh.tablepro.test:3306 mssql-ssh.tablepro.test:1433'       'X11Forwarding no'       'AllowAgentForwarding no'       > /etc/ssh/sshd_config
#48 0.470 fetch https://dl-cdn.alpinelinux.org/alpine/v3.22/main/x86_64/APKINDEX.tar.gz
#48 0.767 fetch https://dl-cdn.alpinelinux.org/alpine/v3.22/community/x86_64/APKINDEX.tar.gz
#48 1.135 (1/3) Installing openssh-keygen (10.0_p1-r10)
#48 1.181 (2/3) Installing openssh-server-common (10.0_p1-r10)
#48 1.205 (3/3) Installing openssh-server (10.0_p1-r10)
#48 1.305 Executing busybox-1.37.0-r20.trigger
#48 1.318 OK: 10 MiB in 19 packages
#48 1.432 chpasswd: password for 'tunnel' changed
#48 DONE 1.6s

#49 [mssql-plain 6/6] RUN chown -R mssql:root /certs /fixture     && chmod 400 /certs/server.key     && chmod 444 /certs/server.crt     && chmod 500 /fixture/entrypoint.sh     && if [ "0" = "1" ]; then       /opt/mssql/bin/mssql-conf set network.tlscert /certs/server.crt       && /opt/mssql/bin/mssql-conf set network.tlskey /certs/server.key       && /opt/mssql/bin/mssql-conf set network.forceencryption 1;     fi
#49 DONE 0.7s

#50 [ssh-bastion] exporting to image
#50 ...

#51 [clickhouse 6/6] RUN chown -R clickhouse:clickhouse /certs     && chmod 600 /certs/server.key     && chmod 644 /certs/server.crt /certs/ca.crt
#51 DONE 0.6s

#52 [clickhouse] exporting to image
#52 ...

#44 [mssql-ssh 6/6] RUN chown -R mssql:root /certs /fixture     && chmod 400 /certs/server.key     && chmod 444 /certs/server.crt     && chmod 500 /fixture/entrypoint.sh     && if [ "1" = "1" ]; then       /opt/mssql/bin/mssql-conf set network.tlscert /certs/server.crt       && /opt/mssql/bin/mssql-conf set network.tlskey /certs/server.key       && /opt/mssql/bin/mssql-conf set network.forceencryption 1;     fi
#44 0.738 SQL Server needs to be restarted in order to apply this setting. Please run
#44 0.738 'systemctl restart mssql-server.service'.
#44 0.738 Note that sp_reload_mssqlconf can be used to apply a limited subset of settings without restarting the service.
#44 0.832 SQL Server needs to be restarted in order to apply this setting. Please run
#44 0.832 'systemctl restart mssql-server.service'.
#44 0.832 Note that sp_reload_mssqlconf can be used to apply a limited subset of settings without restarting the service.
#44 0.915 SQL Server needs to be restarted in order to apply this setting. Please run
#44 0.915 'systemctl restart mssql-server.service'.
#44 0.915 Note that sp_reload_mssqlconf can be used to apply a limited subset of settings without restarting the service.
#44 DONE 1.4s

#47 [mysql-mtls-ssh] exporting to image
#47 exporting layers 1.2s done
#47 exporting manifest sha256:96111a0babb90913ad8dbb69a90907bc2fab6f0dd01f29ea39ea18f9d94fe17c
#47 exporting manifest sha256:96111a0babb90913ad8dbb69a90907bc2fab6f0dd01f29ea39ea18f9d94fe17c 0.2s done
#47 exporting config sha256:a1ff49f49ea4548425a05bc68b4027dd96cce5ac90587b815195a8df79b19777
#47 exporting config sha256:a1ff49f49ea4548425a05bc68b4027dd96cce5ac90587b815195a8df79b19777 0.2s done
#47 exporting attestation manifest sha256:c77a07666f760528b93d92214bcc50cc96701c960486ed884dca0e52e688f1fe
#47 exporting attestation manifest sha256:c77a07666f760528b93d92214bcc50cc96701c960486ed884dca0e52e688f1fe 0.2s done
#47 exporting manifest list sha256:6cd86b92e298d591d6e78df59422d5c4731ed8c3eead19c9ee50288a438a1f21
#47 exporting manifest list sha256:6cd86b92e298d591d6e78df59422d5c4731ed8c3eead19c9ee50288a438a1f21 0.1s done
#47 naming to docker.io/library/tablepro-driver-tls-mysql-mtls-ssh:latest
#47 ...

#53 [mongo] exporting to image
#53 exporting layers 0.5s done
#53 exporting manifest sha256:c38909b9c2abe19441e4878435c472d87e9667a4c417bacee35f5ff760c5206b 0.2s done
#53 exporting config sha256:ad4ffaf5281ca51c7d9eccf2fccc8517a36369d6e4decb378261c94b599ddacd 0.1s done
#53 exporting attestation manifest sha256:7d200173278d824f03a4d4800cf4fef523eaa67fa24a60615137208c50c5f31d 0.2s done
#53 exporting manifest list sha256:995f978ebe9f54fa825019c6aeca945f7926aa0331933bb7a087a84d84ec4b4b 0.1s done
#53 naming to docker.io/library/tablepro-driver-tls-mongo:latest 0.1s done
#53 unpacking to docker.io/library/tablepro-driver-tls-mongo:latest 0.9s done
#53 DONE 2.6s

#47 [mysql-mtls-ssh] exporting to image
#47 naming to docker.io/library/tablepro-driver-tls-mysql-mtls-ssh:latest 0.0s done
#47 unpacking to docker.io/library/tablepro-driver-tls-mysql-mtls-ssh:latest
#47 unpacking to docker.io/library/tablepro-driver-tls-mysql-mtls-ssh:latest 0.8s done
#47 DONE 2.9s

#54 [redis] exporting to image
#54 exporting layers 1.0s done
#54 exporting manifest sha256:bc0fbbc62611be228e80da14e2a8953e541383846bd2f8a28000b969466a1e65 0.2s done
#54 exporting config sha256:2a29b6ddeaf1b4957f5f353e377b2614783dc9974aac44810bd878ce6fcf2825 0.2s done
#54 exporting attestation manifest sha256:54d2b45d9a1ec1301850c72b50c8397a2e02c9748effc37326797abaadad8dbf 0.2s done
#54 exporting manifest list sha256:d9751ce7324ef9c168ed8a329bf371623a76b39f28441ef1f73746f649fa88d4 0.1s done
#54 naming to docker.io/library/tablepro-driver-tls-redis:latest 0.1s done
#54 unpacking to docker.io/library/tablepro-driver-tls-redis:latest 0.8s done
#54 DONE 2.9s

#55 [mysql-mtls] exporting to image
#55 exporting layers 1.2s done
#55 exporting manifest sha256:622f956d4a27fcc9707966802f8ee0321e4d38b1fc19d29d982dd54338d0135c 0.2s done
#55 exporting config sha256:020ef77839d2ff5444869e19968dfbb738225c7301e8652c3e0869b90b0db133 0.2s done
#55 exporting attestation manifest sha256:341b168d0ad7ddd64967467c0705054e055f65e6a3fa2935c60ad174b05a2f6b 0.2s done
#55 exporting manifest list sha256:1fa6f250e621564263df331bb8279df97a58cc21bc99dbe02fcb6f488b6a507d 0.1s done
#55 naming to docker.io/library/tablepro-driver-tls-mysql-mtls:latest 0.1s done
#55 unpacking to docker.io/library/tablepro-driver-tls-mysql-mtls:latest 0.8s done
#55 DONE 2.9s

#56 [mysql-ssh] exporting to image
#56 exporting layers 1.2s done
#56 exporting manifest sha256:748f242dffdf66e7efd0945e452ac08429be92b99d91b21a1fcc63a54a57ff7d 0.2s done
#56 exporting config sha256:70cebc03aee530bae2f4da430a5ee68133f4a717ff0e766d4cac64d83d87a700 0.2s done
#56 exporting attestation manifest sha256:2ed4af126ed4ae76494fd9b5e9b66d02321aec341c4179df3aee5f07279da77c 0.2s done
#56 exporting manifest list sha256:c20c34290c969c53cebe3d326672e50b45c2a05245e9c9784f1b7fce31cbc0f3 0.1s done
#56 naming to docker.io/library/tablepro-driver-tls-mysql-ssh:latest 0.0s done
#56 unpacking to docker.io/library/tablepro-driver-tls-mysql-ssh:latest 0.8s done
#56 DONE 2.9s

#57 [mysql] exporting to image
#57 exporting layers 1.2s done
#57 exporting manifest sha256:37d34f3fe784a877dd985fe8f7f6112ea6fd09c002535b9919d367d6e29e4b22 0.2s done
#57 exporting config sha256:39d2f4d2461beed55dc833caaec4af951e73adf408d357f9ba2beac7bae902b7 0.2s done
#57 exporting attestation manifest sha256:b5c8a40b1fb0abc945fe738d57ac22b5ed3e49082f515abda580f79f99e844a9 0.2s done
#57 exporting manifest list sha256:8cb0b3580122a9d0a38e762bcd558e6b3f4a155547cdf831ac695152c8af1b5a 0.1s done
#57 naming to docker.io/library/tablepro-driver-tls-mysql:latest 0.0s done
#57 unpacking to docker.io/library/tablepro-driver-tls-mysql:latest 0.8s done
#57 DONE 2.9s

#52 [clickhouse] exporting to image
#52 exporting layers 1.5s done
#52 exporting manifest sha256:bb8779022745772fd26d7269a16b28057b1e681bf3af05af46c80ba228b6011a 0.1s done
#52 exporting config sha256:8afbab41e4de41fd8a488d4fced12a4f07e5b2ca3bf0d075f604c5b0dd16f946 0.1s done
#52 exporting attestation manifest sha256:7da5c64c2df956f7c603442f2a1a353d8ff87d7598d7c965b6f0ca26d1f544c9 0.2s done
#52 exporting manifest list sha256:649f0f657d1cdc8149184263226f8bf47bfa754555f41e4c45a32722d53335e3 0.1s done
#52 naming to docker.io/library/tablepro-driver-tls-clickhouse:latest 0.0s done
#52 unpacking to docker.io/library/tablepro-driver-tls-clickhouse:latest
#52 ...

#50 [ssh-bastion] exporting to image
#50 exporting layers 1.5s done
#50 exporting manifest sha256:19e57b250ed94cc4ff1fd7ea4bbbc194ff729a1a624e121dadf1e992d12e5afb 0.1s done
#50 exporting config sha256:f8d97db625dfb65fbea9c6d4238fabdb54594308b816be4baf486b24e01f6f57 0.1s done
#50 exporting attestation manifest sha256:c195adf425ee2baa817849687d4da2d60540e240170cbbf131a3dc29f6810fe2 0.2s done
#50 exporting manifest list sha256:9b08021045d459e3432b90400b5caa0f69f768f20e02b7272f7bfb4e32903e5c 0.1s done
#50 naming to docker.io/library/tablepro-driver-tls-ssh-bastion:latest 0.1s done
#50 unpacking to docker.io/library/tablepro-driver-tls-ssh-bastion:latest 0.4s done
#50 DONE 2.6s

#58 [mssql] exporting to image
#58 exporting layers 1.1s done
#58 exporting manifest sha256:f0e3568ff34a7f132e3f140175e7423954a3253b2e1140b93b1f60eec3108bb4 0.1s done
#58 exporting config sha256:160691d47addf4b71c506d1e6991512cc85baf6aba755662096a7f101b26cc3f 0.1s done
#58 exporting attestation manifest sha256:fd5d7a23bcebfa085ae9e1d70085153447fd7eb9d673fa0cacef54080e77dea8 0.1s done
#58 exporting manifest list sha256:ccb5d5d2fd84146c1b653a21aed083339d3627934dcbceedc37162f5ca51a3f6 0.1s done
#58 naming to docker.io/library/tablepro-driver-tls-mssql:latest 0.0s done
#58 unpacking to docker.io/library/tablepro-driver-tls-mssql:latest 0.6s done
#58 DONE 2.3s

#59 [mssql-ssh] exporting to image
#59 exporting layers 1.1s done
#59 exporting manifest sha256:108fab63598be51444b7042767da99f405da06f15afe06229c3e400854205421 0.1s done
#59 exporting config sha256:5dedd5a1984df182775e262409c3bfa593b685ff92e271c6aa04eead21f0bc08 0.1s done
#59 exporting attestation manifest sha256:787ebbd16a8a5c71169a1071e533c48c44d6b3781edf4d617e3f0f90d2f4c76b 0.1s done
#59 exporting manifest list sha256:f089a5f4b6777a3c9d6b1a1bc6509be819cef17f13029f7062e48269a81dbeb5 0.1s done
#59 naming to docker.io/library/tablepro-driver-tls-mssql-ssh:latest 0.0s done
#59 unpacking to docker.io/library/tablepro-driver-tls-mssql-ssh:latest 0.6s done
#59 DONE 2.3s

#60 [mssql-plain] exporting to image
#60 exporting layers 1.4s done
#60 exporting manifest sha256:c59c67db5ec06b0a13c88941861b407191adeb1dfc28f83ae5b458e11c46a279 0.1s done
#60 exporting config sha256:4586d009bbea5f7a2886cfe27b8ae5145eb082a72f182f4de0a953b86b7c438d 0.1s done
#60 exporting attestation manifest sha256:6bd9950767722ec31f24f8effe9a286015bee053b8c45870bf0579733b1c214c 0.1s done
#60 exporting manifest list sha256:918ce7aab98a30a48a5b59d8686a274e8cba8cc2c4079edee99571fa36e9bba5 0.1s done
#60 naming to docker.io/library/tablepro-driver-tls-mssql-plain:latest 0.1s done
#60 unpacking to docker.io/library/tablepro-driver-tls-mssql-plain:latest 1.0s done
#60 DONE 3.0s

#52 [clickhouse] exporting to image
#52 unpacking to docker.io/library/tablepro-driver-tls-clickhouse:latest 0.8s done
#52 DONE 3.0s

#61 [mongo] resolving provenance for metadata file
#61 DONE 0.3s

#62 [ssh-bastion] resolving provenance for metadata file
#62 DONE 0.2s

#63 [mysql-mtls-ssh] resolving provenance for metadata file
#63 DONE 0.3s

#64 [clickhouse] resolving provenance for metadata file
#64 DONE 0.4s

#65 [mssql] resolving provenance for metadata file
#65 DONE 0.1s

#66 [mysql-ssh] resolving provenance for metadata file
#66 DONE 0.3s

#67 [mysql] resolving provenance for metadata file
#67 DONE 0.3s

#68 [mysql-mtls] resolving provenance for metadata file
#68 DONE 0.3s

#69 [mssql-ssh] resolving provenance for metadata file
#69 DONE 0.2s

#70 [redis] resolving provenance for metadata file
#70 DONE 0.4s

#71 [mssql-plain] resolving provenance for metadata file
#71 DONE 0.0s
 Image tablepro-driver-tls-mysql-mtls Built 
 Image tablepro-driver-tls-mysql-ssh Built 
 Image tablepro-driver-tls-mysql Built 
 Image tablepro-driver-tls-mssql-ssh Built 
 Image tablepro-driver-tls-mssql Built 
 Image tablepro-driver-tls-mssql-plain Built 
 Image tablepro-driver-tls-mysql-mtls-ssh Built 
 Image tablepro-driver-tls-redis Built 
 Image tablepro-driver-tls-mongo Built 
 Image tablepro-driver-tls-clickhouse Built 
 Image tablepro-driver-tls-ssh-bastion Built 
 Network tablepro-driver-tls_fixture Creating 
 Network tablepro-driver-tls_fixture Creating 
 Network tablepro-driver-tls_fixture Created 
 Network tablepro-driver-tls_fixture Created 
 Container tablepro-driver-tls-clickhouse-plain-1 Creating 
 Container tablepro-driver-tls-mysql-plain-1 Creating 
 Container tablepro-driver-tls-mongo-plain-1 Creating 
 Container tablepro-driver-tls-mssql-plain-1 Creating 
 Container tablepro-driver-tls-mssql-1 Creating 
 Container tablepro-driver-tls-ssh-bastion-1 Creating 
 Container tablepro-driver-tls-mysql-mtls-ssh-1 Creating 
 Container tablepro-driver-tls-mysql-mtls-1 Creating 
 Container tablepro-driver-tls-mysql-1 Creating 
 Container tablepro-driver-tls-clickhouse-1 Creating 
 Container tablepro-driver-tls-mysql-ssh-1 Creating 
 Container tablepro-driver-tls-mssql-ssh-1 Creating 
 Container tablepro-driver-tls-mongo-1 Creating 
 Container tablepro-driver-tls-redis-plain-1 Creating 
 Container tablepro-driver-tls-redis-1 Creating 
 Container tablepro-driver-tls-mssql-ssh-1 Created 
 Container tablepro-driver-tls-ssh-bastion-1 Created 
 Container tablepro-driver-tls-mssql-1 Created 
 Container tablepro-driver-tls-mysql-ssh-1 Created 
 Container tablepro-driver-tls-redis-1 Created 
 Container tablepro-driver-tls-mssql-plain-1 Created 
 Container tablepro-driver-tls-clickhouse-plain-1 Created 
 Container tablepro-driver-tls-mongo-1 Created 
 Container tablepro-driver-tls-mysql-plain-1 Created 
 Container tablepro-driver-tls-mysql-1 Created 
 Container tablepro-driver-tls-mysql-mtls-ssh-1 Created 
 Container tablepro-driver-tls-clickhouse-1 Created 
 Container tablepro-driver-tls-redis-plain-1 Created 
 Container tablepro-driver-tls-mongo-plain-1 Created 
 Container tablepro-driver-tls-mysql-mtls-1 Created 
 Container tablepro-driver-tls-mssql-ssh-1 Starting 
 Container tablepro-driver-tls-clickhouse-plain-1 Starting 
 Container tablepro-driver-tls-mysql-mtls-ssh-1 Starting 
 Container tablepro-driver-tls-mongo-plain-1 Starting 
 Container tablepro-driver-tls-redis-1 Starting 
 Container tablepro-driver-tls-mysql-plain-1 Starting 
 Container tablepro-driver-tls-mongo-1 Starting 
 Container tablepro-driver-tls-mssql-1 Starting 
 Container tablepro-driver-tls-mssql-plain-1 Starting 
 Container tablepro-driver-tls-ssh-bastion-1 Starting 
 Container tablepro-driver-tls-mysql-mtls-1 Starting 
 Container tablepro-driver-tls-redis-plain-1 Starting 
 Container tablepro-driver-tls-mysql-ssh-1 Starting 
 Container tablepro-driver-tls-mysql-1 Starting 
 Container tablepro-driver-tls-clickhouse-1 Starting 
 Container tablepro-driver-tls-mssql-ssh-1 Started 
 Container tablepro-driver-tls-clickhouse-plain-1 Started 
 Container tablepro-driver-tls-mysql-mtls-ssh-1 Started 
 Container tablepro-driver-tls-mongo-plain-1 Started 
 Container tablepro-driver-tls-redis-1 Started 
 Container tablepro-driver-tls-mysql-plain-1 Started 
 Container tablepro-driver-tls-mongo-1 Started 
 Container tablepro-driver-tls-mssql-1 Started 
 Container tablepro-driver-tls-mssql-plain-1 Started 
 Container tablepro-driver-tls-ssh-bastion-1 Started 
 Container tablepro-driver-tls-mysql-mtls-1 Started 
 Container tablepro-driver-tls-redis-plain-1 Started 
 Container tablepro-driver-tls-mysql-ssh-1 Started 
 Container tablepro-driver-tls-mysql-1 Started 
 Container tablepro-driver-tls-clickhouse-1 Started 
 Container tablepro-driver-tls-redis-plain-1 Waiting 
 Container tablepro-driver-tls-mssql-1 Waiting 
 Container tablepro-driver-tls-clickhouse-1 Waiting 
 Container tablepro-driver-tls-mongo-plain-1 Waiting 
 Container tablepro-driver-tls-ssh-bastion-1 Waiting 
 Container tablepro-driver-tls-mysql-ssh-1 Waiting 
 Container tablepro-driver-tls-clickhouse-plain-1 Waiting 
 Container tablepro-driver-tls-mysql-1 Waiting 
 Container tablepro-driver-tls-mysql-mtls-ssh-1 Waiting 
 Container tablepro-driver-tls-mssql-ssh-1 Waiting 
 Container tablepro-driver-tls-redis-1 Waiting 
 Container tablepro-driver-tls-mssql-plain-1 Waiting 
 Container tablepro-driver-tls-mysql-mtls-1 Waiting 
 Container tablepro-driver-tls-mysql-plain-1 Waiting 
 Container tablepro-driver-tls-mongo-1 Waiting 
 Container tablepro-driver-tls-mongo-plain-1 Healthy 
 Container tablepro-driver-tls-ssh-bastion-1 Healthy 
 Container tablepro-driver-tls-mongo-1 Healthy 
 Container tablepro-driver-tls-redis-1 Healthy 
 Container tablepro-driver-tls-redis-plain-1 Healthy 
 Container tablepro-driver-tls-clickhouse-plain-1 Healthy 
 Container tablepro-driver-tls-clickhouse-1 Healthy 
 Container tablepro-driver-tls-mssql-ssh-1 Healthy 
 Container tablepro-driver-tls-mssql-plain-1 Healthy 
 Container tablepro-driver-tls-mssql-1 Healthy 
 Container tablepro-driver-tls-mysql-mtls-ssh-1 Healthy 
 Container tablepro-driver-tls-mysql-1 Healthy 
 Container tablepro-driver-tls-mysql-mtls-1 Healthy 
 Container tablepro-driver-tls-mysql-plain-1 Healthy 
 Container tablepro-driver-tls-mysql-ssh-1 Healthy 
   Compiling tablepro-core v0.1.0 (/tmp/bookie-b4-candidate-2026-10-07/linux/crates/core)
   Compiling sqlx-mysql v0.9.0 (/tmp/bookie-b4-candidate-2026-10-07/linux/vendor/sqlx-mysql)
   Compiling tablepro-ssh v0.1.0 (/tmp/bookie-b4-candidate-2026-10-07/linux/crates/ssh)
   Compiling redis v1.7.0 (/tmp/bookie-b4-candidate-2026-10-07/linux/vendor/redis)
   Compiling mongodb v3.9.1 (/tmp/bookie-b4-candidate-2026-10-07/linux/vendor/mongodb)
   Compiling sqlx v0.9.0
   Compiling tablepro-policy v0.1.0 (/tmp/bookie-b4-candidate-2026-10-07/linux/crates/policy)
   Compiling tablepro-driver-clickhouse v0.1.0 (/tmp/bookie-b4-candidate-2026-10-07/linux/crates/drivers/clickhouse)
   Compiling tablepro-driver-mysql v0.1.0 (/tmp/bookie-b4-candidate-2026-10-07/linux/crates/drivers/mysql)
   Compiling tablepro-driver-mssql v0.1.0 (/tmp/bookie-b4-candidate-2026-10-07/linux/crates/drivers/mssql)
   Compiling tablepro-storage v0.1.0 (/tmp/bookie-b4-candidate-2026-10-07/linux/crates/storage)
   Compiling tablepro-driver-redis v0.1.0 (/tmp/bookie-b4-candidate-2026-10-07/linux/crates/drivers/redis)
   Compiling tablepro-transport v0.1.0 (/tmp/bookie-b4-candidate-2026-10-07/linux/crates/transport)
   Compiling tablepro-driver-tls-tests v0.1.0 (/tmp/bookie-b4-candidate-2026-10-07/linux/crates/driver-tls-tests)
   Compiling tablepro-driver-mongodb v0.1.0 (/tmp/bookie-b4-candidate-2026-10-07/linux/crates/drivers/mongodb)
    Finished `test` profile [unoptimized + debuginfo] target(s) in 27.95s
     Running unittests src/lib.rs (/home/trung/Projects/tablepro/linux/target/debug/deps/tablepro_driver_tls_tests-05371fd94d6fb35c)

running 0 tests

test result: ok. 0 passed; 0 failed; 0 ignored; 0 measured; 0 filtered out; finished in 0.00s

     Running tests/clickhouse_tls.rs (/home/trung/Projects/tablepro/linux/target/debug/deps/clickhouse_tls-2613f20d0bd23c28)

running 6 tests
test a_plaintext_mode_does_not_reach_the_https_port ... ok
test a_verifying_mode_connects_with_the_fixture_authority ... ok
test a_verifying_mode_naming_the_wrong_authority_is_refused ... ok
test a_verifying_mode_without_an_authority_is_refused ... ok
test an_encrypt_only_mode_connects_without_an_authority ... ok
test verify_full_rejects_an_ip_endpoint_absent_from_the_certificate ... ok

test result: ok. 6 passed; 0 failed; 0 ignored; 0 measured; 0 filtered out; finished in 0.10s

     Running tests/mongodb_tls.rs (/home/trung/Projects/tablepro/linux/target/debug/deps/mongodb_tls-bdbccd21bd3386ed)

running 5 tests
test a_plaintext_mode_is_refused_by_a_tls_only_server ... ok
test a_verifying_mode_connects_with_the_fixture_authority ... ok
test a_verifying_mode_naming_the_wrong_authority_is_refused ... ok
test a_verifying_mode_without_an_authority_is_refused ... ok
test verifying_modes_reject_an_ip_endpoint_absent_from_the_certificate ... ok

test result: ok. 5 passed; 0 failed; 0 ignored; 0 measured; 0 filtered out; finished in 35.18s

     Running tests/mssql_tls.rs (/home/trung/Projects/tablepro/linux/target/debug/deps/mssql_tls-dc256bc6b3f893ac)

running 9 tests
test a_verifying_mode_connects_with_the_fixture_authority ... ok
test a_verifying_mode_naming_the_wrong_authority_is_refused ... ok
test an_encrypt_only_mode_connects_without_an_authority ... ok
test the_server_forces_encryption_and_dropping_tunnel_closes_forward ... ok
test verify_ca_accepts_the_fixture_authority ... ok
test verify_full_rejects_an_ip_endpoint_absent_from_the_certificate ... ok
test verify_full_through_ssh_reaches_the_unpublished_server_and_runs_a_query ... ok
test verify_full_through_ssh_rejects_a_wrong_or_local_identity ... ok
test verify_full_through_ssh_rejects_an_untrusted_authority ... ok

test result: ok. 9 passed; 0 failed; 0 ignored; 0 measured; 0 filtered out; finished in 0.76s

     Running tests/mysql_tls.rs (/home/trung/Projects/tablepro/linux/target/debug/deps/mysql_tls-506580544ce27635)

running 16 tests
test a_plaintext_mode_is_refused_by_a_tls_only_server ... ok
test a_rotated_valid_client_identity_connects ... ok
test a_server_requiring_a_client_certificate_accepts_a_valid_identity ... ok
test a_server_requiring_a_client_certificate_accepts_the_identity_through_ssh ... ok
test a_server_requiring_a_client_certificate_rejects_a_missing_identity ... ok
test a_server_requiring_a_client_certificate_rejects_an_untrusted_identity ... ok
test a_tls_rejection_does_not_fall_back_to_plaintext_and_dropping_tunnel_cleans_up ... ok
test a_verifying_mode_connects_with_the_fixture_authority ... ok
test a_verifying_mode_naming_the_wrong_authority_is_refused ... ok
test a_verifying_mode_without_an_authority_is_refused ... ok
test an_encrypt_only_mode_connects_without_an_authority ... ok
test verify_ca_accepts_the_fixture_authority ... ok
test verify_full_rejects_an_ip_endpoint_absent_from_the_certificate ... ok
test verify_full_through_ssh_reaches_the_unpublished_server_and_runs_a_query ... ok
test verify_full_through_ssh_rejects_a_wrong_or_local_identity ... ok
test verify_full_through_ssh_rejects_an_untrusted_authority ... ok

test result: ok. 16 passed; 0 failed; 0 ignored; 0 measured; 0 filtered out; finished in 1.75s

     Running tests/plaintext_regression.rs (/home/trung/Projects/tablepro/linux/target/debug/deps/plaintext_regression-691103026a11dfbe)

running 7 tests
test a_verifying_clickhouse_client_will_not_fall_back_to_plaintext ... ok
test a_verifying_mongodb_client_will_not_fall_back_to_plaintext ... ok
test a_verifying_mssql_client_will_not_fall_back_to_plaintext ... ok
test a_verifying_mysql_client_will_not_fall_back_to_plaintext ... ok
test a_verifying_redis_client_will_not_fall_back_to_plaintext ... ok
test mongodb_still_connects_to_a_server_without_encryption ... ok
test redis_still_connects_to_a_server_without_encryption ... ok

test result: ok. 7 passed; 0 failed; 0 ignored; 0 measured; 0 filtered out; finished in 6.17s

     Running tests/redis_tls.rs (/home/trung/Projects/tablepro/linux/target/debug/deps/redis_tls-94f7e2b08172687e)

running 5 tests
test a_plaintext_mode_is_refused_by_a_tls_only_server ... ok
test a_verifying_mode_connects_with_the_fixture_authority ... ok
test a_verifying_mode_naming_the_wrong_authority_is_refused ... ok
test a_verifying_mode_without_an_authority_is_refused ... ok
test verifying_modes_reject_an_ip_endpoint_absent_from_the_certificate ... ok

test result: ok. 5 passed; 0 failed; 0 ignored; 0 measured; 0 filtered out; finished in 1.41s

