dbus-daemon[268844]: [session uid=1000 pid=268844 pidfd=5] Activating service name='org.a11y.Bus' requested by ':1.3' (uid=1000 pid=269593 comm="gdbus call --session --dest org.a11y.Bus --object-")
dbus-daemon[268844]: [session uid=1000 pid=268844 pidfd=5] Successfully activated service 'org.a11y.Bus'
dbus-daemon[269603]: Activating service name='org.a11y.atspi.Registry' requested by ':1.0' (uid=1000 pid=269605 comm="python3 /home/trung/.cache/bookie-ui-linux-tip/lin")
dbus-daemon[269603]: Successfully activated service 'org.a11y.atspi.Registry'
SpiRegistry daemon is running with well-known name - org.a11y.atspi.Registry
dbus-daemon[268844]: [session uid=1000 pid=268844 pidfd=5] Activating service name='org.gtk.vfs.Daemon' requested by ':1.8' (uid=1000 pid=269606 comm="/home/trung/.local/opt/bookie/97e5f55bddac/test-ro")
dbus-daemon[268844]: [session uid=1000 pid=268844 pidfd=5] Successfully activated service 'org.gtk.vfs.Daemon'
dbus-daemon[268844]: [session uid=1000 pid=268844 pidfd=5] Activating service name='org.freedesktop.portal.Desktop' requested by ':1.8' (uid=1000 pid=269606 comm="/home/trung/.local/opt/bookie/97e5f55bddac/test-ro")
dbus-daemon[268844]: [session uid=1000 pid=268844 pidfd=5] Activating service name='org.freedesktop.impl.portal.PermissionStore' requested by ':1.11' (uid=1000 pid=269677 comm="/usr/lib/xdg-desktop-portal")
dbus-daemon[268844]: [session uid=1000 pid=268844 pidfd=5] Successfully activated service 'org.freedesktop.impl.portal.PermissionStore'
dbus-daemon[268844]: [session uid=1000 pid=268844 pidfd=5] Activating service name='org.freedesktop.portal.Documents' requested by ':1.11' (uid=1000 pid=269677 comm="/usr/lib/xdg-desktop-portal")
dbus-daemon[268844]: [session uid=1000 pid=268844 pidfd=5] Successfully activated service 'org.freedesktop.portal.Documents'
dbus-daemon[268844]: [session uid=1000 pid=268844 pidfd=5] Activating service name='org.freedesktop.impl.portal.desktop.gtk' requested by ':1.11' (uid=1000 pid=269677 comm="/usr/lib/xdg-desktop-portal")
dbus-daemon[268844]: [session uid=1000 pid=268844 pidfd=5] Successfully activated service 'org.freedesktop.impl.portal.desktop.gtk'

(/usr/lib/xdg-desktop-portal:269677): xdg-desktop-portal-WARNING **: 18:08:20.129: Failed to load RealtimeKit property: GDBus.Error:org.freedesktop.DBus.Error.ServiceUnknown: The name is not activatable

(/usr/lib/xdg-desktop-portal:269677): xdg-desktop-portal-WARNING **: 18:08:20.129: Failed to load RealtimeKit property: GDBus.Error:org.freedesktop.DBus.Error.ServiceUnknown: The name is not activatable

(/usr/lib/xdg-desktop-portal:269677): xdg-desktop-portal-WARNING **: 18:08:20.129: Failed to load RealtimeKit property: GDBus.Error:org.freedesktop.DBus.Error.ServiceUnknown: The name is not activatable

(/usr/lib/xdg-desktop-portal:269677): xdg-desktop-portal-WARNING **: 18:08:20.135: Failed to connect to PipeWire: Couldn't connect to PipeWire
dbus-daemon[268844]: [session uid=1000 pid=268844 pidfd=5] Activating service name='org.freedesktop.impl.portal.desktop.hyprland' requested by ':1.11' (uid=1000 pid=269677 comm="/usr/lib/xdg-desktop-portal")
dbus-daemon[268844]: [session uid=1000 pid=268844 pidfd=5] Successfully activated service 'org.freedesktop.impl.portal.desktop.hyprland'
[LOG] Initializing xdph...
[CRITICAL] Couldn't connect to a wayland compositor
dbus-daemon[268844]: [session uid=1000 pid=268844 pidfd=5] Activating service name='org.freedesktop.impl.portal.desktop.hyprland' requested by ':1.11' (uid=1000 pid=269677 comm="/usr/lib/xdg-desktop-portal")
dbus-daemon[268844]: [session uid=1000 pid=268844 pidfd=5] Successfully activated service 'org.freedesktop.impl.portal.desktop.hyprland'
[LOG] Initializing xdph...
[CRITICAL] Couldn't connect to a wayland compositor
dbus-daemon[268844]: [session uid=1000 pid=268844 pidfd=5] Activating service name='org.freedesktop.impl.portal.desktop.hyprland' requested by ':1.11' (uid=1000 pid=269677 comm="/usr/lib/xdg-desktop-portal")
dbus-daemon[268844]: [session uid=1000 pid=268844 pidfd=5] Successfully activated service 'org.freedesktop.impl.portal.desktop.hyprland'
[LOG] Initializing xdph...
[CRITICAL] Couldn't connect to a wayland compositor
dbus-daemon[268844]: [session uid=1000 pid=268844 pidfd=5] Activating service name='org.freedesktop.impl.portal.desktop.hyprland' requested by ':1.11' (uid=1000 pid=269677 comm="/usr/lib/xdg-desktop-portal")
dbus-daemon[268844]: [session uid=1000 pid=268844 pidfd=5] Successfully activated service 'org.freedesktop.impl.portal.desktop.hyprland'
[LOG] Initializing xdph...
[CRITICAL] Couldn't connect to a wayland compositor
dbus-daemon[268844]: [session uid=1000 pid=268844 pidfd=5] Successfully activated service 'org.freedesktop.portal.Desktop'

(process:269605): dbind-WARNING **: 18:08:20.254: AT-SPI: Error in GetItems, sender=:1.3, error=Object does not exist at path “/org/a11y/atspi/cache”
passed: mysql_unparseable_routine_dialog_denial_preserves_database
A connection to the bus can't be made
