
running 58 tests
test export::csv::tests::value_contract_csv_and_json_round_trip_seeded_finite_float_bits ... ok
test export::csv::tests::value_contract_csv_binary_round_trip_preserves_null_empty_and_every_byte ... ok
test export::csv::tests::value_contract_csv_keeps_empty_text_distinct_from_null ... ok
test export::csv::tests::value_contract_csv_round_trip_keeps_nonfinite_floats_distinct_from_null ... ok
test export::csv::tests::value_contract_csv_round_trip_preserves_decimal_trailing_zeroes ... ok
test export::csv::tests::value_contract_csv_round_trip_preserves_largest_finite_float_bits ... ok
test export::csv::tests::value_contract_csv_round_trip_preserves_negative_zero_bits ... ok
test export::csv::tests::value_contract_csv_round_trip_preserves_signed_integer_boundaries ... ok
test export::csv::tests::value_contract_csv_round_trip_preserves_smallest_subnormal_bits ... ok
test export::csv::tests::value_contract_csv_round_trip_preserves_timestamptz_nanoseconds ... ok
test export::file::stream_tests::value_contract_every_export_propagates_destination_write_failure ... ok
test export::file::stream_tests::value_contract_streamed_csv_matches_renderer_with_and_without_header ... ok
test export::file::stream_tests::value_contract_text_exports_retry_interruptions_and_complete_short_writes ... ok
test export::file::tests::value_contract_html_nul_text_preserves_destination_and_reports_coordinates ... ok
test export::file::tests::value_contract_workbook_column_limit_failure_preserves_destination ... ok
test export::file::tests::value_contract_workbook_empty_text_is_refused_without_losing_destination ... ok
test export::file::tests::value_contract_workbook_mid_export_cancellation_preserves_destination ... ok
test export::file::tests::value_contract_xml_illegal_text_preserves_destination_and_reports_coordinates ... ok
test export::html::tests::value_contract_html_preserves_carriage_returns_through_parser_normalization ... ok
test export::json::tests::value_contract_clickhouse_wide_integers_remain_exact_json_strings ... ok
test export::json::tests::value_contract_json_keeps_negative_zero_distinct_from_positive_zero_and_null ... ok
test export::json::tests::value_contract_json_keeps_null_and_booleans_distinct_from_text ... ok
test export::json::tests::value_contract_json_round_trip_preserves_each_finite_exponent_and_mantissa_edges ... ok
test export::json::tests::value_contract_nonfinite_numbers_remain_distinct_from_sql_null ... ok
test export::json::tests::value_contract_single_row_json_export_preserves_value_types ... ok
test export::xlsx::tests::value_contract_workbook_float_specials_stay_distinct_from_null ... ok
test export::xlsx::tests::value_contract_workbook_keeps_excel_precision_risk_floats_as_text ... ok
test export::xlsx::tests::value_contract_workbook_keeps_excel_safe_floats_numeric ... ok
test export::xlsx::tests::value_contract_workbook_keeps_small_integers_numeric ... ok
test export::xlsx::tests::value_contract_workbook_keeps_supported_whole_second_temporals_numeric ... ok
test export::xlsx::tests::value_contract_workbook_keeps_text_null_labels_as_strings_and_sql_null_blank ... ok
test export::xlsx::tests::value_contract_workbook_preserves_nested_extended_json_as_exact_text ... ok
test export::xlsx::tests::value_contract_workbook_preserves_temporal_precision_and_timezone_as_text ... ok
test export::xlsx::tests::value_contract_workbook_preserves_wide_integers_and_exact_decimals_as_text ... ok
test export::xlsx::tests::value_contract_workbook_rejects_invalid_cell_coordinates_without_overflow ... ok
test export::xml::tests::value_contract_xml_keeps_legal_unicode_boundaries_and_empty_text ... ok
test export::xml::tests::value_contract_xml_preserves_carriage_returns_and_literal_entity_text ... ok
test filter::tests::value_contract_parser_preserves_boundaries_and_rejects_rounding ... ok
test import::cell::tests::value_contract_duckdb_csv_preserves_extended_calendar_values_exactly ... ok
test import::cell::tests::value_contract_formula_safe_decimal_import_rejects_excess_precision ... ok
test import::cell::tests::value_contract_mssql_datetimeoffset_csv_cells_preserve_the_original_offset_and_scale ... ok
test import::cell::tests::value_contract_parser_preserves_boundaries_and_rejects_rounding ... ok
test import::cell::tests::value_contract_postgres_csv_restores_chrono_year_zero_as_bc_era_text ... ok
test import::cell::tests::value_contract_postgres_temporal_sentinels_restore_only_recognized_csv_formula_markers ... ok
test import::cell::tests::value_contract_wide_decimal_csv_cells_remain_exact_text_when_decimal_cannot_hold_them ... ok
test import::cell::tests::value_contract_wide_integer_decimal_csv_cells_use_declared_precision_for_text_fallback ... ok
test import::plan::tests::value_contract_postgres_array_csv_insert_uses_allowlisted_native_cast ... ok
test import::plan::tests::value_contract_postgres_temporal_csv_rows_share_text_cast_parameters ... ok
test import::plan::tests::value_contract_postgres_wide_numeric_csv_rows_share_text_cast_parameters ... ok
test numeric_input::tests::value_contract_float_input_distinguishes_zero_subnormal_and_explicit_infinity ... ok
test params::boundary_tests::value_contract_boolean_parameters_preserve_both_truth_values_and_reject_other_text ... ok
test params::boundary_tests::value_contract_explicit_text_keeps_whitespace_and_placeholder_spelling ... ok
test params::boundary_tests::value_contract_parameter_lexer_preserves_nested_and_escaped_regions ... ok
test params::tests::value_contract_named_parameters_do_not_round_decimals ... ok
test sql_dialect::tests::value_contract_postgres_temporal_insert_cast_is_limited_to_postgres_text_values ... ok
test sql_dialect::tests::value_contract_postgres_text_array_updates_cast_through_text_to_a_builtin_array_type ... ok
test sql_literal::tests::value_contract_numeric_literals_avoid_implicit_decimal_and_float_conversions ... ok
test sql_literal::tests::value_contract_postgres_dates_preserve_eras_and_extended_years ... ok

test result: ok. 58 passed; 0 failed; 0 ignored; 0 measured; 469 filtered out; finished in 3.23s
