   Compiling smallvec v1.16.1
   Compiling slab v0.4.12
   Compiling aws-lc-rs v1.18.1
   Compiling rustls-pki-types v1.15.1
   Compiling errno v0.3.14
   Compiling socket2 v0.6.5
   Compiling mio v1.2.3
   Compiling rustls v0.23.45
   Compiling fnv v1.0.7
   Compiling subtle v2.6.1
   Compiling getrandom v0.4.3
   Compiling anyhow v1.0.104
   Compiling hybrid-array v0.4.15
   Compiling either v1.18.0
   Compiling rustix v1.1.5
   Compiling pin-project-internal v1.1.13
   Compiling zerocopy v0.8.57
   Compiling signal-hook-registry v1.4.8
   Compiling futures-util v0.3.34
   Compiling linux-raw-sys v0.12.1
   Compiling chacha20 v0.10.2
   Compiling icu_normalizer v2.3.0
   Compiling itertools v0.14.0
   Compiling base64 v0.23.1
   Compiling ctutils v0.4.2
   Compiling tokio v1.53.1
   Compiling rand v0.10.2
   Compiling parking_lot_core v0.9.12
   Compiling getrandom v0.3.4
   Compiling crypto-common v0.1.7
   Compiling block-buffer v0.12.1
   Compiling crypto-common v0.2.2
   Compiling idna_adapter v1.2.2
   Compiling ureq-proto v0.6.4
   Compiling aho-corasick v1.1.5
   Compiling idna v1.1.0
   Compiling utf8-zero v0.8.1
   Compiling bollard-buildkit-proto v0.7.0
   Compiling crypto-bigint v0.7.5
   Compiling parking_lot v0.12.5
   Compiling rand_core v0.9.5
   Compiling digest v0.10.7
   Compiling uuid v1.26.1
   Compiling url v2.5.8
   Compiling pin-project v1.1.13
   Compiling structmeta-derive v0.3.0
   Compiling deranged v0.5.8
   Compiling zlib-rs v0.6.8
   Compiling digest v0.11.3
   Compiling sha2 v0.10.9
   Compiling regex-automata v0.4.18
   Compiling signature v3.0.0
   Compiling rustls-webpki v0.103.15
   Compiling futures-intrusive v0.5.0
   Compiling pkcs8 v0.11.0
   Compiling prost-derive v0.14.4
   Compiling webpki-roots v1.0.9
   Compiling async-stream-impl v0.3.6
   Compiling rustls-native-certs v0.8.4
   Compiling stacker v0.1.25
   Compiling structmeta v0.3.0
   Compiling sha1 v0.11.0
   Compiling time v0.3.55
   Compiling xattr v1.6.1
   Compiling async-stream v0.3.6
   Compiling sha2 v0.11.0
   Compiling serde_urlencoded v0.7.1
   Compiling byteorder v1.5.0
   Compiling home v0.5.12
   Compiling tempfile v3.27.0
   Compiling recursive v0.1.1
   Compiling serde_with v3.23.0
   Compiling ferroid v2.0.0
   Compiling docker_credential v1.4.0
   Compiling futures-executor v0.3.34
   Compiling secrecy v0.10.3
   Compiling etcetera v0.11.0
   Compiling futures v0.3.34
   Compiling sqlparser v0.58.0
   Compiling prost v0.14.4
   Compiling crypto-primes v0.7.2
   Compiling regex v1.13.1
   Compiling prost-types v0.14.4
   Compiling ppv-lite86 v0.2.21
   Compiling parse-display-derive v0.9.1
   Compiling rand_chacha v0.9.0
   Compiling flate2 v1.1.10
   Compiling rand v0.9.5
   Compiling rsa v0.10.0-rc.18
   Compiling zip v8.6.0
   Compiling tokio-util v0.7.19
   Compiling tokio-stream v0.1.19
   Compiling parse-display v0.9.1
   Compiling astral-tokio-tar v0.6.4
   Compiling h2 v0.4.19
   Compiling tower v0.5.3
   Compiling rust_xlsxwriter v0.99.1
   Compiling ureq v3.4.2
   Compiling tokio-rustls v0.26.5
   Compiling sqlx-core v0.9.0
   Compiling axum v0.8.9
   Compiling sqlx-mysql v0.9.0 (/home/trung/Projects/tablepro/.worktrees/b4-current-linux-release-2026-10-10/linux/vendor/sqlx-mysql)
   Compiling tablepro-core v0.1.0 (/home/trung/Projects/tablepro/.worktrees/b4-current-linux-release-2026-10-10/linux/crates/core)
   Compiling hyper v1.11.1
   Compiling sqlx v0.9.0
   Compiling hyper-util v0.1.20
   Compiling tablepro-driver-mysql v0.1.0 (/home/trung/Projects/tablepro/.worktrees/b4-current-linux-release-2026-10-10/linux/crates/drivers/mysql)
   Compiling hyper-timeout v0.5.2
   Compiling hyper-rustls v0.27.9
   Compiling hyperlocal v0.9.1
   Compiling tonic v0.14.6
   Compiling tonic-prost v0.14.6
   Compiling bollard-stubs v1.52.1-rc.29.1.3
   Compiling bollard v0.20.2
   Compiling testcontainers v0.27.3
   Compiling testcontainers-modules v0.15.0
    Finished `test` profile [unoptimized + debuginfo] target(s) in 29.34s
     Running tests/integration.rs (target/debug/deps/integration-3f630a0a029525e7)

running 20 tests
test mysql_atomic::a_failed_mysql_dml_batch_confirms_rollback_and_preserves_neighbor_rows ... ok
test mysql_atomic::a_lost_connection_during_a_batch_reports_rollback_failure ... ok
test mysql_atomic::advisory_lock::mariadb_failed_batch_preserves_named_lock_session_state ... ok
test mysql_atomic::advisory_lock::mysql_failed_batch_preserves_named_lock_session_state ... ok
test mysql_atomic::empty_query_results_preserve_mysql_projection_metadata ... ok
test mysql_atomic::implicit_commit_batch_is_refused_before_mysql_dispatch ... ok
test mysql_atomic::mariadb_aria_nontransactional_effects_survive_failed_batches ... ok
test mysql_atomic::mariadb_failed_batch_preserves_last_insert_id_session_state ... ok
test mysql_atomic::merge_table::mariadb_failed_batch_merge_table_insert_survives_rollback ... ok
test mysql_atomic::mysql_batch_rollback_does_not_claim_to_reverse_nontransactional_engine_effects ... ok
test mysql_atomic::mysql_batch_rollback_preserves_nontransactional_update_and_delete_trigger_effects ... ok
test mysql_atomic::mysql_batch_rollback_preserves_trigger_session_variable_effects ... ok
test mysql_atomic::mysql_failed_batch_blackhole_trigger_sink_discards_rows_but_runs_with_trigger ... ok
test mysql_atomic::mysql_failed_batch_keeps_direct_inserts_on_nontransactional_engines ... ok
test mysql_atomic::mysql_failed_batch_keeps_direct_updates_and_deletes_on_nontransactional_engines ... ok
test mysql_atomic::mysql_failed_batch_merge_table_insert_survives_rollback ... ok
test mysql_atomic::mysql_failed_batch_preserves_last_insert_id_session_state ... ok
test mysql_atomic::mysql_failed_multirow_insert_preserves_only_nontransactional_trigger_effects ... ok
test mysql_atomic::mysql_transaction_queries_are_bounded_and_mark_truncation ... ok
test mysql_atomic::mysql_transaction_queries_obey_result_byte_budget_and_remain_usable ... ok

test result: ok. 20 passed; 0 failed; 0 ignored; 0 measured; 73 filtered out; finished in 133.00s

